Archive member included to satisfy reference by file (symbol)

/Applications/STM32CubeIDE.app/Contents/Eclipse/plugins/com.st.stm32cube.ide.mcu.externaltools.gnu-tools-for-stm32.9-2020-q2-update.macos64_2.0.0.202105311346/tools/bin/../lib/gcc/arm-none-eabi/9.3.1/../../../../arm-none-eabi/lib/thumb/v7-m/nofp/libc_nano.a(lib_a-errno.o)
                              ./Core/Src/syscalls.o (__errno)
/Applications/STM32CubeIDE.app/Contents/Eclipse/plugins/com.st.stm32cube.ide.mcu.externaltools.gnu-tools-for-stm32.9-2020-q2-update.macos64_2.0.0.202105311346/tools/bin/../lib/gcc/arm-none-eabi/9.3.1/../../../../arm-none-eabi/lib/thumb/v7-m/nofp/libc_nano.a(lib_a-exit.o)
                              /Applications/STM32CubeIDE.app/Contents/Eclipse/plugins/com.st.stm32cube.ide.mcu.externaltools.gnu-tools-for-stm32.9-2020-q2-update.macos64_2.0.0.202105311346/tools/bin/../lib/gcc/arm-none-eabi/9.3.1/../../../../arm-none-eabi/lib/thumb/v7-m/nofp/crt0.o (exit)
/Applications/STM32CubeIDE.app/Contents/Eclipse/plugins/com.st.stm32cube.ide.mcu.externaltools.gnu-tools-for-stm32.9-2020-q2-update.macos64_2.0.0.202105311346/tools/bin/../lib/gcc/arm-none-eabi/9.3.1/../../../../arm-none-eabi/lib/thumb/v7-m/nofp/libc_nano.a(lib_a-findfp.o)
                              ./Middlewares/Third_Party/FreeRTOS/Source/tasks.o (__sf_fake_stderr)
/Applications/STM32CubeIDE.app/Contents/Eclipse/plugins/com.st.stm32cube.ide.mcu.externaltools.gnu-tools-for-stm32.9-2020-q2-update.macos64_2.0.0.202105311346/tools/bin/../lib/gcc/arm-none-eabi/9.3.1/../../../../arm-none-eabi/lib/thumb/v7-m/nofp/libc_nano.a(lib_a-fwalk.o)
                              /Applications/STM32CubeIDE.app/Contents/Eclipse/plugins/com.st.stm32cube.ide.mcu.externaltools.gnu-tools-for-stm32.9-2020-q2-update.macos64_2.0.0.202105311346/tools/bin/../lib/gcc/arm-none-eabi/9.3.1/../../../../arm-none-eabi/lib/thumb/v7-m/nofp/libc_nano.a(lib_a-findfp.o) (_fwalk)
/Applications/STM32CubeIDE.app/Contents/Eclipse/plugins/com.st.stm32cube.ide.mcu.externaltools.gnu-tools-for-stm32.9-2020-q2-update.macos64_2.0.0.202105311346/tools/bin/../lib/gcc/arm-none-eabi/9.3.1/../../../../arm-none-eabi/lib/thumb/v7-m/nofp/libc_nano.a(lib_a-impure.o)
                              /Applications/STM32CubeIDE.app/Contents/Eclipse/plugins/com.st.stm32cube.ide.mcu.externaltools.gnu-tools-for-stm32.9-2020-q2-update.macos64_2.0.0.202105311346/tools/bin/../lib/gcc/arm-none-eabi/9.3.1/../../../../arm-none-eabi/lib/thumb/v7-m/nofp/libc_nano.a(lib_a-exit.o) (_global_impure_ptr)
/Applications/STM32CubeIDE.app/Contents/Eclipse/plugins/com.st.stm32cube.ide.mcu.externaltools.gnu-tools-for-stm32.9-2020-q2-update.macos64_2.0.0.202105311346/tools/bin/../lib/gcc/arm-none-eabi/9.3.1/../../../../arm-none-eabi/lib/thumb/v7-m/nofp/libc_nano.a(lib_a-init.o)
                              /Applications/STM32CubeIDE.app/Contents/Eclipse/plugins/com.st.stm32cube.ide.mcu.externaltools.gnu-tools-for-stm32.9-2020-q2-update.macos64_2.0.0.202105311346/tools/bin/../lib/gcc/arm-none-eabi/9.3.1/../../../../arm-none-eabi/lib/thumb/v7-m/nofp/crt0.o (__libc_init_array)
/Applications/STM32CubeIDE.app/Contents/Eclipse/plugins/com.st.stm32cube.ide.mcu.externaltools.gnu-tools-for-stm32.9-2020-q2-update.macos64_2.0.0.202105311346/tools/bin/../lib/gcc/arm-none-eabi/9.3.1/../../../../arm-none-eabi/lib/thumb/v7-m/nofp/libc_nano.a(lib_a-lock.o)
                              /Applications/STM32CubeIDE.app/Contents/Eclipse/plugins/com.st.stm32cube.ide.mcu.externaltools.gnu-tools-for-stm32.9-2020-q2-update.macos64_2.0.0.202105311346/tools/bin/../lib/gcc/arm-none-eabi/9.3.1/../../../../arm-none-eabi/lib/thumb/v7-m/nofp/libc_nano.a(lib_a-findfp.o) (__retarget_lock_init_recursive)
/Applications/STM32CubeIDE.app/Contents/Eclipse/plugins/com.st.stm32cube.ide.mcu.externaltools.gnu-tools-for-stm32.9-2020-q2-update.macos64_2.0.0.202105311346/tools/bin/../lib/gcc/arm-none-eabi/9.3.1/../../../../arm-none-eabi/lib/thumb/v7-m/nofp/libc_nano.a(lib_a-memcpy-stub.o)
                              ./Core/Src/music.o (memcpy)
/Applications/STM32CubeIDE.app/Contents/Eclipse/plugins/com.st.stm32cube.ide.mcu.externaltools.gnu-tools-for-stm32.9-2020-q2-update.macos64_2.0.0.202105311346/tools/bin/../lib/gcc/arm-none-eabi/9.3.1/../../../../arm-none-eabi/lib/thumb/v7-m/nofp/libc_nano.a(lib_a-memset.o)
                              /Applications/STM32CubeIDE.app/Contents/Eclipse/plugins/com.st.stm32cube.ide.mcu.externaltools.gnu-tools-for-stm32.9-2020-q2-update.macos64_2.0.0.202105311346/tools/bin/../lib/gcc/arm-none-eabi/9.3.1/../../../../arm-none-eabi/lib/thumb/v7-m/nofp/crt0.o (memset)
/Applications/STM32CubeIDE.app/Contents/Eclipse/plugins/com.st.stm32cube.ide.mcu.externaltools.gnu-tools-for-stm32.9-2020-q2-update.macos64_2.0.0.202105311346/tools/bin/../lib/gcc/arm-none-eabi/9.3.1/../../../../arm-none-eabi/lib/thumb/v7-m/nofp/libc_nano.a(lib_a-nano-mallocr.o)
[...]
Memory Configuration

Name             Origin             Length             Attributes
RAM              0x0000000020000000 0x000000000000c000 xrw
FLASH            0x0000000008000000 0x0000000000040000 xr
*default*        0x0000000000000000 0xffffffffffffffff

Linker script and memory map

LOAD /Applications/STM32CubeIDE.app/Contents/Eclipse/plugins/com.st.stm32cube.ide.mcu.externaltools.gnu-tools-for-stm32.9-2020-q2-update.macos64_2.0.0.202105311346/tools/bin/../lib/gcc/arm-none-eabi/9.3.1/thumb/v7-m/nofp/crti.o
LOAD /Applications/STM32CubeIDE.app/Contents/Eclipse/plugins/com.st.stm32cube.ide.mcu.externaltools.gnu-tools-for-stm32.9-2020-q2-update.macos64_2.0.0.202105311346/tools/bin/../lib/gcc/arm-none-eabi/9.3.1/thumb/v7-m/nofp/crtbegin.o
LOAD /Applications/STM32CubeIDE.app/Contents/Eclipse/plugins/com.st.stm32cube.ide.mcu.externaltools.gnu-tools-for-stm32.9-2020-q2-update.macos64_2.0.0.202105311346/tools/bin/../lib/gcc/arm-none-eabi/9.3.1/../../../../arm-none-eabi/lib/thumb/v7-m/nofp/crt0.o
LOAD ./Core/Src/GUI.o
LOAD ./Core/Src/adc.o
LOAD ./Core/Src/freertos.o
LOAD ./Core/Src/fsmc.o
LOAD ./Core/Src/gpio.o
LOAD ./Core/Src/lcd.o
LOAD ./Core/Src/main.o
LOAD ./Core/Src/music.o
LOAD ./Core/Src/stm32f1xx_hal_msp.o
LOAD ./Core/Src/stm32f1xx_hal_timebase_tim.o
LOAD ./Core/Src/stm32f1xx_it.o
LOAD ./Core/Src/syscalls.o
LOAD ./Core/Src/sysmem.o
LOAD ./Core/Src/system_stm32f1xx.o
LOAD ./Core/Src/tim.o
LOAD ./Core/Src/usart.o
LOAD ./Core/Startup/startup_stm32f103zctx.o
LOAD ./Drivers/STM32F1xx_HAL_Driver/Src/stm32f1xx_hal.o
LOAD ./Drivers/STM32F1xx_HAL_Driver/Src/stm32f1xx_hal_adc.o
LOAD ./Drivers/STM32F1xx_HAL_Driver/Src/stm32f1xx_hal_adc_ex.o
LOAD ./Drivers/STM32F1xx_HAL_Driver/Src/stm32f1xx_hal_cortex.o
LOAD ./Drivers/STM32F1xx_HAL_Driver/Src/stm32f1xx_hal_dma.o
LOAD ./Drivers/STM32F1xx_HAL_Driver/Src/stm32f1xx_hal_exti.o
LOAD ./Drivers/STM32F1xx_HAL_Driver/Src/stm32f1xx_hal_flash.o
LOAD ./Drivers/STM32F1xx_HAL_Driver/Src/stm32f1xx_hal_flash_ex.o
LOAD ./Drivers/STM32F1xx_HAL_Driver/Src/stm32f1xx_hal_gpio.o
LOAD ./Drivers/STM32F1xx_HAL_Driver/Src/stm32f1xx_hal_gpio_ex.o
LOAD ./Drivers/STM32F1xx_HAL_Driver/Src/stm32f1xx_hal_pwr.o
LOAD ./Drivers/STM32F1xx_HAL_Driver/Src/stm32f1xx_hal_rcc.o
LOAD ./Drivers/STM32F1xx_HAL_Driver/Src/stm32f1xx_hal_rcc_ex.o
LOAD ./Drivers/STM32F1xx_HAL_Driver/Src/stm32f1xx_hal_sram.o
LOAD ./Drivers/STM32F1xx_HAL_Driver/Src/stm32f1xx_hal_tim.o
LOAD ./Drivers/STM32F1xx_HAL_Driver/Src/stm32f1xx_hal_tim_ex.o
LOAD ./Drivers/STM32F1xx_HAL_Driver/Src/stm32f1xx_hal_uart.o
LOAD ./Drivers/STM32F1xx_HAL_Driver/Src/stm32f1xx_ll_fsmc.o
LOAD ./Middlewares/Third_Party/FreeRTOS/Source/CMSIS_RTOS/cmsis_os.o
LOAD ./Middlewares/Third_Party/FreeRTOS/Source/croutine.o
LOAD ./Middlewares/Third_Party/FreeRTOS/Source/event_groups.o
LOAD ./Middlewares/Third_Party/FreeRTOS/Source/list.o
LOAD ./Middlewares/Third_Party/FreeRTOS/Source/queue.o
LOAD ./Middlewares/Third_Party/FreeRTOS/Source/stream_buffer.o
LOAD ./Middlewares/Third_Party/FreeRTOS/Source/tasks.o
LOAD ./Middlewares/Third_Party/FreeRTOS/Source/timers.o
LOAD ./Middlewares/Third_Party/FreeRTOS/Source/portable/GCC/ARM_CM3/port.o
LOAD ./Middlewares/Third_Party/FreeRTOS/Source/portable/MemMang/heap_4.o
START GROUP
LOAD /Applications/STM32CubeIDE.app/Contents/Eclipse/plugins/com.st.stm32cube.ide.mcu.externaltools.gnu-tools-for-stm32.9-2020-q2-update.macos64_2.0.0.202105311346/tools/bin/../lib/gcc/arm-none-eabi/9.3.1/../../../../arm-none-eabi/lib/thumb/v7-m/nofp/libc_nano.a
LOAD /Applications/STM32CubeIDE.app/Contents/Eclipse/plugins/com.st.stm32cube.ide.mcu.externaltools.gnu-tools-for-stm32.9-2020-q2-update.macos64_2.0.0.202105311346/tools/bin/../lib/gcc/arm-none-eabi/9.3.1/../../../../arm-none-eabi/lib/thumb/v7-m/nofp/libm.a
END GROUP
START GROUP
LOAD /Applications/STM32CubeIDE.app/Contents/Eclipse/plugins/com.st.stm32cube.ide.mcu.externaltools.gnu-tools-for-stm32.9-2020-q2-update.macos64_2.0.0.202105311346/tools/bin/../lib/gcc/arm-none-eabi/9.3.1/thumb/v7-m/nofp/libgcc.a
LOAD /Applications/STM32CubeIDE.app/Contents/Eclipse/plugins/com.st.stm32cube.ide.mcu.externaltools.gnu-tools-for-stm32.9-2020-q2-update.macos64_2.0.0.202105311346/tools/bin/../lib/gcc/arm-none-eabi/9.3.1/../../../../arm-none-eabi/lib/thumb/v7-m/nofp/libc_nano.a
END GROUP
START GROUP
LOAD /Applications/STM32CubeIDE.app/Contents/Eclipse/plugins/com.st.stm32cube.ide.mcu.externaltools.gnu-tools-for-stm32.9-2020-q2-update.macos64_2.0.0.202105311346/tools/bin/../lib/gcc/arm-none-eabi/9.3.1/thumb/v7-m/nofp/libgcc.a
LOAD /Applications/STM32CubeIDE.app/Contents/Eclipse/plugins/com.st.stm32cube.ide.mcu.externaltools.gnu-tools-for-stm32.9-2020-q2-update.macos64_2.0.0.202105311346/tools/bin/../lib/gcc/arm-none-eabi/9.3.1/../../../../arm-none-eabi/lib/thumb/v7-m/nofp/libc_nano.a
LOAD /Applications/STM32CubeIDE.app/Contents/Eclipse/plugins/com.st.stm32cube.ide.mcu.externaltools.gnu-tools-for-stm32.9-2020-q2-update.macos64_2.0.0.202105311346/tools/bin/../lib/gcc/arm-none-eabi/9.3.1/../../../../arm-none-eabi/lib/thumb/v7-m/nofp/libnosys.a
END GROUP
START GROUP
LOAD /Applications/STM32CubeIDE.app/Contents/Eclipse/plugins/com.st.stm32cube.ide.mcu.externaltools.gnu-tools-for-stm32.9-2020-q2-update.macos64_2.0.0.202105311346/tools/bin/../lib/gcc/arm-none-eabi/9.3.1/thumb/v7-m/nofp/libgcc.a
LOAD /Applications/STM32CubeIDE.app/Contents/Eclipse/plugins/com.st.stm32cube.ide.mcu.externaltools.gnu-tools-for-stm32.9-2020-q2-update.macos64_2.0.0.202105311346/tools/bin/../lib/gcc/arm-none-eabi/9.3.1/../../../../arm-none-eabi/lib/thumb/v7-m/nofp/libc_nano.a
LOAD /Applications/STM32CubeIDE.app/Contents/Eclipse/plugins/com.st.stm32cube.ide.mcu.externaltools.gnu-tools-for-stm32.9-2020-q2-update.macos64_2.0.0.202105311346/tools/bin/../lib/gcc/arm-none-eabi/9.3.1/../../../../arm-none-eabi/lib/thumb/v7-m/nofp/libnosys.a
END GROUP
LOAD /Applications/STM32CubeIDE.app/Contents/Eclipse/plugins/com.st.stm32cube.ide.mcu.externaltools.gnu-tools-for-stm32.9-2020-q2-update.macos64_2.0.0.202105311346/tools/bin/../lib/gcc/arm-none-eabi/9.3.1/thumb/v7-m/nofp/crtend.o
LOAD /Applications/STM32CubeIDE.app/Contents/Eclipse/plugins/com.st.stm32cube.ide.mcu.externaltools.gnu-tools-for-stm32.9-2020-q2-update.macos64_2.0.0.202105311346/tools/bin/../lib/gcc/arm-none-eabi/9.3.1/thumb/v7-m/nofp/crtn.o
                0x000000002000c000                _estack = (ORIGIN (RAM) + LENGTH (RAM))
                0x0000000000000200                _Min_Heap_Size = 0x200
                0x0000000000000400                _Min_Stack_Size = 0x400

.isr_vector     0x0000000008000000      0x1e4
                0x0000000008000000                . = ALIGN (0x4)
 *(.isr_vector)
 .isr_vector    0x0000000008000000      0x1e4 ./Core/Startup/startup_stm32f103zctx.o
                0x0000000008000000                g_pfnVectors
                0x00000000080001e4                . = ALIGN (0x4)

.text           0x00000000080001f0     0x8cec
                0x00000000080001f0                . = ALIGN (0x4)
 *(.text)
 .text          0x00000000080001f0       0x40 /Applications/STM32CubeIDE.app/Contents/Eclipse/plugins/com.st.stm32cube.ide.mcu.externaltools.gnu-tools-for-stm32.9-2020-q2-update.macos64_2.0.0.202105311346/tools/bin/../lib/gcc/arm-none-eabi/9.3.1/thumb/v7-m/nofp/crtbegin.o
 .text          0x0000000008000230       0x10 /Applications/STM32CubeIDE.app/Contents/Eclipse/plugins/com.st.stm32cube.ide.mcu.externaltools.gnu-tools-for-stm32.9-2020-q2-update.macos64_2.0.0.202105311346/tools/bin/../lib/gcc/arm-none-eabi/9.3.1/../../../../arm-none-eabi/lib/thumb/v7-m/nofp/libc_nano.a(lib_a-strlen.o)
                0x0000000008000230                strlen
 .text          0x0000000008000240      0x168 /Applications/STM32CubeIDE.app/Contents/Eclipse/plugins/com.st.stm32cube.ide.mcu.externaltools.gnu-tools-for-stm32.9-2020-q2-update.macos64_2.0.0.202105311346/tools/bin/../lib/gcc/arm-none-eabi/9.3.1/thumb/v7-m/nofp/libgcc.a(_arm_mulsf3.o)
                0x0000000008000240                __mulsf3
                0x0000000008000240                __aeabi_fmul
 .text          0x00000000080003a8      0x378 /Applications/STM32CubeIDE.app/Contents/Eclipse/plugins/com.st.stm32cube.ide.mcu.externaltools.gnu-tools-for-stm32.9-2020-q2-update.macos64_2.0.0.202105311346/tools/bin/../lib/gcc/arm-none-eabi/9.3.1/thumb/v7-m/nofp/libgcc.a(_arm_addsubdf3.o)
                0x00000000080003a8                __aeabi_drsub
                0x00000000080003b0                __subdf3
                0x00000000080003b0                __aeabi_dsub
                0x00000000080003b4                __aeabi_dadd
                0x00000000080003b4                __adddf3
                0x000000000800062c                __aeabi_ui2d
                0x000000000800062c                __floatunsidf
                0x000000000800064c                __floatsidf
                0x000000000800064c                __aeabi_i2d
                0x0000000008000670                __extendsfdf2
                0x0000000008000670                __aeabi_f2d
                0x00000000080006b4                __aeabi_ul2d
                0x00000000080006b4                __floatundidf
                0x00000000080006c4                __aeabi_l2d
                0x00000000080006c4                __floatdidf
 .text          0x0000000008000720      0x424 /Applications/STM32CubeIDE.app/Contents/Eclipse/plugins/com.st.stm32cube.ide.mcu.externaltools.gnu-tools-for-stm32.9-2020-q2-update.macos64_2.0.0.202105311346/tools/bin/../lib/gcc/arm-none-eabi/9.3.1/thumb/v7-m/nofp/libgcc.a(_arm_muldivdf3.o)
                0x0000000008000720                __aeabi_dmul
                0x0000000008000720                __muldf3
                0x0000000008000974                __aeabi_ddiv
                0x0000000008000974                __divdf3
 .text          0x0000000008000b44       0xa0 /Applications/STM32CubeIDE.app/Contents/Eclipse/plugins/com.st.stm32cube.ide.mcu.externaltools.gnu-tools-for-stm32.9-2020-q2-update.macos64_2.0.0.202105311346/tools/bin/../lib/gcc/arm-none-eabi/9.3.1/thumb/v7-m/nofp/libgcc.a(_arm_truncdfsf2.o)
                0x0000000008000b44                __aeabi_d2f
                0x0000000008000b44                __truncdfsf2
 .text          0x0000000008000be4       0x4c /Applications/STM32CubeIDE.app/Contents/Eclipse/plugins/com.st.stm32cube.ide.mcu.externaltools.gnu-tools-for-stm32.9-2020-q2-update.macos64_2.0.0.202105311346/tools/bin/../lib/gcc/arm-none-eabi/9.3.1/thumb/v7-m/nofp/libgcc.a(_arm_fixsfsi.o)
                0x0000000008000be4                __fixsfsi
                0x0000000008000be4                __aeabi_f2iz
 *(.text*)
 .text.LCD_Fill
                0x0000000008000c30       0x98 ./Core/Src/GUI.o
                0x0000000008000c30                LCD_Fill
 .text.LCD_ShowChar
                0x0000000008000cc8      0x1b8 ./Core/Src/GUI.o
                0x0000000008000cc8                LCD_ShowChar
 .text.GUI_DrawFont16
                0x0000000008000e80      0x16c ./Core/Src/GUI.o
                0x0000000008000e80                GUI_DrawFont16
 .text.GUI_DrawFont24
                0x0000000008000fec      0x164 ./Core/Src/GUI.o
                0x0000000008000fec                GUI_DrawFont24
 .text.GUI_DrawFont32
                0x0000000008001150      0x16c ./Core/Src/GUI.o
                0x0000000008001150                GUI_DrawFont32
 .text.Show_Str
                0x00000000080012bc      0x1a4 ./Core/Src/GUI.o
                0x00000000080012bc                Show_Str
 .text.Gui_StrCenter
                0x0000000008001460       0x68 ./Core/Src/GUI.o
                0x0000000008001460                Gui_StrCenter
 .text.MX_ADC1_Init
                0x00000000080014c8       0x7c ./Core/Src/adc.o
                0x00000000080014c8                MX_ADC1_Init
 .text.MX_ADC2_Init
                0x0000000008001544       0x7c ./Core/Src/adc.o
                0x0000000008001544                MX_ADC2_Init
 .text.HAL_ADC_MspInit
                0x00000000080015c0       0xf0 ./Core/Src/adc.o
                0x00000000080015c0                HAL_ADC_MspInit
 .text.vApplicationGetIdleTaskMemory
                0x00000000080016b0       0x30 ./Core/Src/freertos.o
                0x00000000080016b0                vApplicationGetIdleTaskMemory
 .text.MX_FREERTOS_Init
                0x00000000080016e0       0x94 ./Core/Src/freertos.o
                0x00000000080016e0                MX_FREERTOS_Init
 .text.write_byte
                0x0000000008001774       0x74 ./Core/Src/freertos.o
                0x0000000008001774                write_byte
 .text.updateDigitalNum
                0x00000000080017e8      0x124 ./Core/Src/freertos.o
                0x00000000080017e8                updateDigitalNum
 *fill*         0x000000000800190c        0x4 
 .text.key_scan
                0x0000000008001910      0x19c ./Core/Src/freertos.o
                0x0000000008001910                key_scan
 .text.drawSquare
                0x0000000008001aac       0x46 ./Core/Src/freertos.o
                0x0000000008001aac                drawSquare
 .text.drawSquareInBoard
                0x0000000008001af2       0x62 ./Core/Src/freertos.o
                0x0000000008001af2                drawSquareInBoard
 .text.setGameBoard
                0x0000000008001b54       0x34 ./Core/Src/freertos.o
                0x0000000008001b54                setGameBoard
 .text.getGameBoard
                0x0000000008001b88       0x30 ./Core/Src/freertos.o
                0x0000000008001b88                getGameBoard
 .text.generateFood
                0x0000000008001bb8       0xd4 ./Core/Src/freertos.o
                0x0000000008001bb8                generateFood
 .text.LED_Flow
                0x0000000008001c8c       0x7c ./Core/Src/freertos.o
                0x0000000008001c8c                LED_Flow
 .text.updateSnakePos
                0x0000000008001d08      0x208 ./Core/Src/freertos.o
                0x0000000008001d08                updateSnakePos
 .text.showGameBoard
                0x0000000008001f10       0xa0 ./Core/Src/freertos.o
                0x0000000008001f10                showGameBoard
 .text.initGameState
                0x0000000008001fb0       0xe0 ./Core/Src/freertos.o
                0x0000000008001fb0                initGameState
 .text.StartGameTask
                0x0000000008002090      0x1d4 ./Core/Src/freertos.o
                0x0000000008002090                StartGameTask
 .text.StartMusicTask
                0x0000000008002264       0x34 ./Core/Src/freertos.o
                0x0000000008002264                StartMusicTask
 .text.StartUpdateTask
                0x0000000008002298      0x900 ./Core/Src/freertos.o
                0x0000000008002298                StartUpdateTask
 .text.MX_FSMC_Init
                0x0000000008002b98       0xfc ./Core/Src/fsmc.o
                0x0000000008002b98                MX_FSMC_Init
 .text.HAL_FSMC_MspInit
                0x0000000008002c94       0xa8 ./Core/Src/fsmc.o
 .text.HAL_SRAM_MspInit
                0x0000000008002d3c       0x14 ./Core/Src/fsmc.o
                0x0000000008002d3c                HAL_SRAM_MspInit
 .text.MX_GPIO_Init
                0x0000000008002d50      0x1c8 ./Core/Src/gpio.o
                0x0000000008002d50                MX_GPIO_Init
 .text.delay_us
                0x0000000008002f18       0x38 ./Core/Src/lcd.o
                0x0000000008002f18                delay_us
 .text.LCD_WR_REG
                0x0000000008002f50       0x20 ./Core/Src/lcd.o
                0x0000000008002f50                LCD_WR_REG
 .text.LCD_WR_DATA
                0x0000000008002f70       0x20 ./Core/Src/lcd.o
                0x0000000008002f70                LCD_WR_DATA
 .text.LCD_WriteReg
                0x0000000008002f90       0x2c ./Core/Src/lcd.o
                0x0000000008002f90                LCD_WriteReg
 .text.LCD_WriteRAM_Prepare
                0x0000000008002fbc       0x18 ./Core/Src/lcd.o
                0x0000000008002fbc                LCD_WriteRAM_Prepare
 .text.Lcd_WriteData_16Bit
                0x0000000008002fd4       0x20 ./Core/Src/lcd.o
                0x0000000008002fd4                Lcd_WriteData_16Bit
 .text.LCD_DrawPoint
                0x0000000008002ff4       0x34 ./Core/Src/lcd.o
                0x0000000008002ff4                LCD_DrawPoint
 .text.LCD_Clear
                0x0000000008003028       0x60 ./Core/Src/lcd.o
                0x0000000008003028                LCD_Clear
 .text.LCD_Init
                0x0000000008003088      0x26c ./Core/Src/lcd.o
                0x0000000008003088                LCD_Init
 .text.LCD_SetWindows
                0x00000000080032f4       0xa4 ./Core/Src/lcd.o
                0x00000000080032f4                LCD_SetWindows
 .text.LCD_SetCursor
                0x0000000008003398       0x24 ./Core/Src/lcd.o
                0x0000000008003398                LCD_SetCursor
 .text.LCD_direction
                0x00000000080033bc       0xb0 ./Core/Src/lcd.o
                0x00000000080033bc                LCD_direction
 .text.main     0x000000000800346c       0x44 ./Core/Src/main.o
                0x000000000800346c                main
 .text.SystemClock_Config
                0x00000000080034b0       0xba ./Core/Src/main.o
                0x00000000080034b0                SystemClock_Config
 *fill*         0x000000000800356a        0x2 
 .text.HAL_TIM_PeriodElapsedCallback
                0x000000000800356c       0x90 ./Core/Src/main.o
                0x000000000800356c                HAL_TIM_PeriodElapsedCallback
 .text.Error_Handler
                0x00000000080035fc        0xa ./Core/Src/main.o
                0x00000000080035fc                Error_Handler
 *fill*         0x0000000008003606        0x2 
 .text.music_play
                0x0000000008003608      0x190 ./Core/Src/music.o
                0x0000000008003608                music_play
 .text.HAL_MspInit
                0x0000000008003798       0x70 ./Core/Src/stm32f1xx_hal_msp.o
                0x0000000008003798                HAL_MspInit
 .text.HAL_InitTick
                0x0000000008003808       0xac ./Core/Src/stm32f1xx_hal_timebase_tim.o
                0x0000000008003808                HAL_InitTick
 .text.NMI_Handler
                0x00000000080038b4        0x6 ./Core/Src/stm32f1xx_it.o
                0x00000000080038b4                NMI_Handler
 .text.HardFault_Handler
                0x00000000080038ba        0x6 ./Core/Src/stm32f1xx_it.o
                0x00000000080038ba                HardFault_Handler
 .text.MemManage_Handler
                0x00000000080038c0        0x6 ./Core/Src/stm32f1xx_it.o
                0x00000000080038c0                MemManage_Handler
 .text.BusFault_Handler
                0x00000000080038c6        0x6 ./Core/Src/stm32f1xx_it.o
                0x00000000080038c6                BusFault_Handler
 .text.UsageFault_Handler
                0x00000000080038cc        0x6 ./Core/Src/stm32f1xx_it.o
                0x00000000080038cc                UsageFault_Handler
 .text.DebugMon_Handler
                0x00000000080038d2        0xc ./Core/Src/stm32f1xx_it.o
                0x00000000080038d2                DebugMon_Handler
 *fill*         0x00000000080038de        0x2 
 .text.ADC1_2_IRQHandler
                0x00000000080038e0       0x1c ./Core/Src/stm32f1xx_it.o
                0x00000000080038e0                ADC1_2_IRQHandler
 .text.TIM3_IRQHandler
                0x00000000080038fc       0x14 ./Core/Src/stm32f1xx_it.o
                0x00000000080038fc                TIM3_IRQHandler
 .text.TIM8_UP_IRQHandler
                0x0000000008003910       0x14 ./Core/Src/stm32f1xx_it.o
                0x0000000008003910                TIM8_UP_IRQHandler
 .text._getpid  0x0000000008003924        0xe ./Core/Src/syscalls.o
                0x0000000008003924                _getpid
 .text._kill    0x0000000008003932       0x20 ./Core/Src/syscalls.o
                0x0000000008003932                _kill
 .text._exit    0x0000000008003952       0x14 ./Core/Src/syscalls.o
                0x0000000008003952                _exit
 .text._read    0x0000000008003966       0x3a ./Core/Src/syscalls.o
                0x0000000008003966                _read
 .text._write   0x00000000080039a0       0x38 ./Core/Src/syscalls.o
                0x00000000080039a0                _write
 .text._close   0x00000000080039d8       0x16 ./Core/Src/syscalls.o
                0x00000000080039d8                _close
 .text._fstat   0x00000000080039ee       0x1e ./Core/Src/syscalls.o
                0x00000000080039ee                _fstat
 .text._isatty  0x0000000008003a0c       0x14 ./Core/Src/syscalls.o
                0x0000000008003a0c                _isatty
 .text._lseek   0x0000000008003a20       0x18 ./Core/Src/syscalls.o
                0x0000000008003a20                _lseek
 .text._sbrk    0x0000000008003a38       0x6c ./Core/Src/sysmem.o
                0x0000000008003a38                _sbrk
 .text.SystemInit
                0x0000000008003aa4        0xc ./Core/Src/system_stm32f1xx.o
                0x0000000008003aa4                SystemInit
 .text.MX_TIM3_Init
                0x0000000008003ab0       0x9c ./Core/Src/tim.o
                0x0000000008003ab0                MX_TIM3_Init
 .text.HAL_TIM_Base_MspInit
                0x0000000008003b4c       0x4c ./Core/Src/tim.o
                0x0000000008003b4c                HAL_TIM_Base_MspInit
 .text.MX_USART1_UART_Init
                0x0000000008003b98       0x54 ./Core/Src/usart.o
                0x0000000008003b98                MX_USART1_UART_Init
 .text.HAL_UART_MspInit
                0x0000000008003bec       0x98 ./Core/Src/usart.o
                0x0000000008003bec                HAL_UART_MspInit
 .text.Reset_Handler
                0x0000000008003c84       0x48 ./Core/Startup/startup_stm32f103zctx.o
                0x0000000008003c84                Reset_Handler
 .text.Default_Handler
                0x0000000008003ccc        0x2 ./Core/Startup/startup_stm32f103zctx.o
                0x0000000008003ccc                DMA2_Channel3_IRQHandler
                0x0000000008003ccc                EXTI2_IRQHandler
                0x0000000008003ccc                TIM8_TRG_COM_IRQHandler
                0x0000000008003ccc                TIM8_CC_IRQHandler
                0x0000000008003ccc                TIM1_CC_IRQHandler
                0x0000000008003ccc                TIM6_IRQHandler
                0x0000000008003ccc                PVD_IRQHandler
                0x0000000008003ccc                SDIO_IRQHandler
                0x0000000008003ccc                EXTI3_IRQHandler
                0x0000000008003ccc                EXTI0_IRQHandler
                0x0000000008003ccc                I2C2_EV_IRQHandler
                0x0000000008003ccc                SPI1_IRQHandler
                0x0000000008003ccc                TAMPER_IRQHandler
                0x0000000008003ccc                DMA2_Channel2_IRQHandler
                0x0000000008003ccc                DMA1_Channel4_IRQHandler
                0x0000000008003ccc                USART3_IRQHandler
                0x0000000008003ccc                RTC_IRQHandler
                0x0000000008003ccc                DMA1_Channel7_IRQHandler
                0x0000000008003ccc                CAN1_RX1_IRQHandler
                0x0000000008003ccc                UART5_IRQHandler
                0x0000000008003ccc                ADC3_IRQHandler
                0x0000000008003ccc                TIM4_IRQHandler
                0x0000000008003ccc                DMA2_Channel1_IRQHandler
                0x0000000008003ccc                I2C1_EV_IRQHandler
                0x0000000008003ccc                DMA1_Channel6_IRQHandler
                0x0000000008003ccc                UART4_IRQHandler
                0x0000000008003ccc                RCC_IRQHandler
                0x0000000008003ccc                TIM1_TRG_COM_IRQHandler
                0x0000000008003ccc                DMA1_Channel1_IRQHandler
                0x0000000008003ccc                Default_Handler
                0x0000000008003ccc                EXTI15_10_IRQHandler
                0x0000000008003ccc                TIM7_IRQHandler
                0x0000000008003ccc                TIM5_IRQHandler
                0x0000000008003ccc                EXTI9_5_IRQHandler
                0x0000000008003ccc                SPI2_IRQHandler
                0x0000000008003ccc                DMA1_Channel5_IRQHandler
                0x0000000008003ccc                EXTI4_IRQHandler
                0x0000000008003ccc                USB_LP_CAN1_RX0_IRQHandler
                0x0000000008003ccc                USB_HP_CAN1_TX_IRQHandler
                0x0000000008003ccc                DMA1_Channel3_IRQHandler
                0x0000000008003ccc                FSMC_IRQHandler
                0x0000000008003ccc                TIM1_UP_IRQHandler
                0x0000000008003ccc                WWDG_IRQHandler
                0x0000000008003ccc                TIM2_IRQHandler
                0x0000000008003ccc                TIM1_BRK_IRQHandler
                0x0000000008003ccc                EXTI1_IRQHandler
                0x0000000008003ccc                DMA2_Channel4_5_IRQHandler
                0x0000000008003ccc                USART2_IRQHandler
                0x0000000008003ccc                I2C2_ER_IRQHandler
                0x0000000008003ccc                DMA1_Channel2_IRQHandler
                0x0000000008003ccc                TIM8_BRK_IRQHandler
                0x0000000008003ccc                CAN1_SCE_IRQHandler
                0x0000000008003ccc                FLASH_IRQHandler
                0x0000000008003ccc                USART1_IRQHandler
                0x0000000008003ccc                SPI3_IRQHandler
                0x0000000008003ccc                I2C1_ER_IRQHandler
                0x0000000008003ccc                USBWakeUp_IRQHandler
                0x0000000008003ccc                RTC_Alarm_IRQHandler
 *fill*         0x0000000008003cce        0x2 
 .text.HAL_Init
                0x0000000008003cd0       0x2c ./Drivers/STM32F1xx_HAL_Driver/Src/stm32f1xx_hal.o
                0x0000000008003cd0                HAL_Init
 .text.HAL_IncTick
                0x0000000008003cfc       0x24 ./Drivers/STM32F1xx_HAL_Driver/Src/stm32f1xx_hal.o
                0x0000000008003cfc                HAL_IncTick
 .text.HAL_GetTick
                0x0000000008003d20       0x14 ./Drivers/STM32F1xx_HAL_Driver/Src/stm32f1xx_hal.o
                0x0000000008003d20                HAL_GetTick
 .text.HAL_Delay
                0x0000000008003d34       0x48 ./Drivers/STM32F1xx_HAL_Driver/Src/stm32f1xx_hal.o
                0x0000000008003d34                HAL_Delay
 .text.HAL_ADC_Init
                0x0000000008003d7c      0x1d4 ./Drivers/STM32F1xx_HAL_Driver/Src/stm32f1xx_hal_adc.o
                0x0000000008003d7c                HAL_ADC_Init
 .text.HAL_ADC_Start
                0x0000000008003f50      0x15c ./Drivers/STM32F1xx_HAL_Driver/Src/stm32f1xx_hal_adc.o
                0x0000000008003f50                HAL_ADC_Start
 .text.HAL_ADC_PollForConversion
                0x00000000080040ac      0x20c ./Drivers/STM32F1xx_HAL_Driver/Src/stm32f1xx_hal_adc.o
                0x00000000080040ac                HAL_ADC_PollForConversion
 .text.HAL_ADC_GetValue
                0x00000000080042b8       0x18 ./Drivers/STM32F1xx_HAL_Driver/Src/stm32f1xx_hal_adc.o
                0x00000000080042b8                HAL_ADC_GetValue
 .text.HAL_ADC_IRQHandler
                0x00000000080042d0      0x186 ./Drivers/STM32F1xx_HAL_Driver/Src/stm32f1xx_hal_adc.o
                0x00000000080042d0                HAL_ADC_IRQHandler
 .text.HAL_ADC_ConvCpltCallback
                0x0000000008004456       0x12 ./Drivers/STM32F1xx_HAL_Driver/Src/stm32f1xx_hal_adc.o
                0x0000000008004456                HAL_ADC_ConvCpltCallback
 .text.HAL_ADC_LevelOutOfWindowCallback
                0x0000000008004468       0x12 ./Drivers/STM32F1xx_HAL_Driver/Src/stm32f1xx_hal_adc.o
                0x0000000008004468                HAL_ADC_LevelOutOfWindowCallback
 *fill*         0x000000000800447a        0x2 
 .text.HAL_ADC_ConfigChannel
                0x000000000800447c      0x1f0 ./Drivers/STM32F1xx_HAL_Driver/Src/stm32f1xx_hal_adc.o
                0x000000000800447c                HAL_ADC_ConfigChannel
 .text.HAL_ADC_GetState
                0x000000000800466c       0x16 ./Drivers/STM32F1xx_HAL_Driver/Src/stm32f1xx_hal_adc.o
                0x000000000800466c                HAL_ADC_GetState
 *fill*         0x0000000008004682        0x2 
 .text.ADC_Enable
                0x0000000008004684       0xb4 ./Drivers/STM32F1xx_HAL_Driver/Src/stm32f1xx_hal_adc.o
                0x0000000008004684                ADC_Enable
 .text.ADC_ConversionStop_Disable
                0x0000000008004738       0x82 ./Drivers/STM32F1xx_HAL_Driver/Src/stm32f1xx_hal_adc.o
                0x0000000008004738                ADC_ConversionStop_Disable
 .text.HAL_ADCEx_InjectedConvCpltCallback
                0x00000000080047ba       0x12 ./Drivers/STM32F1xx_HAL_Driver/Src/stm32f1xx_hal_adc_ex.o
                0x00000000080047ba                HAL_ADCEx_InjectedConvCpltCallback
 .text.__NVIC_SetPriorityGrouping
                0x00000000080047cc       0x48 ./Drivers/STM32F1xx_HAL_Driver/Src/stm32f1xx_hal_cortex.o
 .text.__NVIC_GetPriorityGrouping
                0x0000000008004814       0x1c ./Drivers/STM32F1xx_HAL_Driver/Src/stm32f1xx_hal_cortex.o
 .text.__NVIC_EnableIRQ
                0x0000000008004830       0x38 ./Drivers/STM32F1xx_HAL_Driver/Src/stm32f1xx_hal_cortex.o
 .text.__NVIC_SetPriority
                0x0000000008004868       0x54 ./Drivers/STM32F1xx_HAL_Driver/Src/stm32f1xx_hal_cortex.o
 .text.NVIC_EncodePriority
                0x00000000080048bc       0x64 ./Drivers/STM32F1xx_HAL_Driver/Src/stm32f1xx_hal_cortex.o
 .text.HAL_NVIC_SetPriorityGrouping
                0x0000000008004920       0x16 ./Drivers/STM32F1xx_HAL_Driver/Src/stm32f1xx_hal_cortex.o
                0x0000000008004920                HAL_NVIC_SetPriorityGrouping
 .text.HAL_NVIC_SetPriority
                0x0000000008004936       0x38 ./Drivers/STM32F1xx_HAL_Driver/Src/stm32f1xx_hal_cortex.o
                0x0000000008004936                HAL_NVIC_SetPriority
 .text.HAL_NVIC_EnableIRQ
                0x000000000800496e       0x1c ./Drivers/STM32F1xx_HAL_Driver/Src/stm32f1xx_hal_cortex.o
                0x000000000800496e                HAL_NVIC_EnableIRQ
 *fill*         0x000000000800498a        0x2 
 .text.HAL_GPIO_Init
                0x000000000800498c      0x328 ./Drivers/STM32F1xx_HAL_Driver/Src/stm32f1xx_hal_gpio.o
                0x000000000800498c                HAL_GPIO_Init
 .text.HAL_GPIO_ReadPin
                0x0000000008004cb4       0x2e ./Drivers/STM32F1xx_HAL_Driver/Src/stm32f1xx_hal_gpio.o
                0x0000000008004cb4                HAL_GPIO_ReadPin
 .text.HAL_GPIO_WritePin
                0x0000000008004ce2       0x30 ./Drivers/STM32F1xx_HAL_Driver/Src/stm32f1xx_hal_gpio.o
                0x0000000008004ce2                HAL_GPIO_WritePin
 .text.HAL_GPIO_TogglePin
                0x0000000008004d12       0x32 ./Drivers/STM32F1xx_HAL_Driver/Src/stm32f1xx_hal_gpio.o
                0x0000000008004d12                HAL_GPIO_TogglePin
 .text.HAL_RCC_OscConfig
                0x0000000008004d44      0x500 ./Drivers/STM32F1xx_HAL_Driver/Src/stm32f1xx_hal_rcc.o
                0x0000000008004d44                HAL_RCC_OscConfig
 .text.HAL_RCC_ClockConfig
                0x0000000008005244      0x1d4 ./Drivers/STM32F1xx_HAL_Driver/Src/stm32f1xx_hal_rcc.o
                0x0000000008005244                HAL_RCC_ClockConfig
 .text.HAL_RCC_GetSysClockFreq
                0x0000000008005418       0xc0 ./Drivers/STM32F1xx_HAL_Driver/Src/stm32f1xx_hal_rcc.o
                0x0000000008005418                HAL_RCC_GetSysClockFreq
 .text.HAL_RCC_GetHCLKFreq
                0x00000000080054d8       0x14 ./Drivers/STM32F1xx_HAL_Driver/Src/stm32f1xx_hal_rcc.o
                0x00000000080054d8                HAL_RCC_GetHCLKFreq
 .text.HAL_RCC_GetPCLK1Freq
                0x00000000080054ec       0x28 ./Drivers/STM32F1xx_HAL_Driver/Src/stm32f1xx_hal_rcc.o
                0x00000000080054ec                HAL_RCC_GetPCLK1Freq
 .text.HAL_RCC_GetPCLK2Freq
                0x0000000008005514       0x28 ./Drivers/STM32F1xx_HAL_Driver/Src/stm32f1xx_hal_rcc.o
                0x0000000008005514                HAL_RCC_GetPCLK2Freq
 .text.HAL_RCC_GetClockConfig
                0x000000000800553c       0x60 ./Drivers/STM32F1xx_HAL_Driver/Src/stm32f1xx_hal_rcc.o
                0x000000000800553c                HAL_RCC_GetClockConfig
 .text.RCC_Delay
                0x000000000800559c       0x3c ./Drivers/STM32F1xx_HAL_Driver/Src/stm32f1xx_hal_rcc.o
 .text.HAL_RCCEx_PeriphCLKConfig
                0x00000000080055d8      0x16c ./Drivers/STM32F1xx_HAL_Driver/Src/stm32f1xx_hal_rcc_ex.o
                0x00000000080055d8                HAL_RCCEx_PeriphCLKConfig
 .text.HAL_RCCEx_GetPeriphCLKFreq
                0x0000000008005744      0x1cc ./Drivers/STM32F1xx_HAL_Driver/Src/stm32f1xx_hal_rcc_ex.o
                0x0000000008005744                HAL_RCCEx_GetPeriphCLKFreq
 .text.HAL_SRAM_Init
                0x0000000008005910       0x9a ./Drivers/STM32F1xx_HAL_Driver/Src/stm32f1xx_hal_sram.o
                0x0000000008005910                HAL_SRAM_Init
 .text.HAL_TIM_Base_Init
                0x00000000080059aa       0x9e ./Drivers/STM32F1xx_HAL_Driver/Src/stm32f1xx_hal_tim.o
                0x00000000080059aa                HAL_TIM_Base_Init
 .text.HAL_TIM_Base_Start_IT
                0x0000000008005a48       0xc0 ./Drivers/STM32F1xx_HAL_Driver/Src/stm32f1xx_hal_tim.o
                0x0000000008005a48                HAL_TIM_Base_Start_IT
 .text.HAL_TIM_IRQHandler
                0x0000000008005b08      0x210 ./Drivers/STM32F1xx_HAL_Driver/Src/stm32f1xx_hal_tim.o
                0x0000000008005b08                HAL_TIM_IRQHandler
 .text.HAL_TIM_ConfigClockSource
                0x0000000008005d18      0x188 ./Drivers/STM32F1xx_HAL_Driver/Src/stm32f1xx_hal_tim.o
                0x0000000008005d18                HAL_TIM_ConfigClockSource
 .text.HAL_TIM_OC_DelayElapsedCallback
                0x0000000008005ea0       0x12 ./Drivers/STM32F1xx_HAL_Driver/Src/stm32f1xx_hal_tim.o
                0x0000000008005ea0                HAL_TIM_OC_DelayElapsedCallback
 .text.HAL_TIM_IC_CaptureCallback
                0x0000000008005eb2       0x12 ./Drivers/STM32F1xx_HAL_Driver/Src/stm32f1xx_hal_tim.o
                0x0000000008005eb2                HAL_TIM_IC_CaptureCallback
 .text.HAL_TIM_PWM_PulseFinishedCallback
                0x0000000008005ec4       0x12 ./Drivers/STM32F1xx_HAL_Driver/Src/stm32f1xx_hal_tim.o
                0x0000000008005ec4                HAL_TIM_PWM_PulseFinishedCallback
 .text.HAL_TIM_TriggerCallback
                0x0000000008005ed6       0x12 ./Drivers/STM32F1xx_HAL_Driver/Src/stm32f1xx_hal_tim.o
                0x0000000008005ed6                HAL_TIM_TriggerCallback
 .text.TIM_Base_SetConfig
                0x0000000008005ee8       0xf4 ./Drivers/STM32F1xx_HAL_Driver/Src/stm32f1xx_hal_tim.o
                0x0000000008005ee8                TIM_Base_SetConfig
 .text.TIM_TI1_ConfigInputStage
                0x0000000008005fdc       0x5c ./Drivers/STM32F1xx_HAL_Driver/Src/stm32f1xx_hal_tim.o
 .text.TIM_TI2_ConfigInputStage
                0x0000000008006038       0x5e ./Drivers/STM32F1xx_HAL_Driver/Src/stm32f1xx_hal_tim.o
 .text.TIM_ITRx_SetConfig
                0x0000000008006096       0x34 ./Drivers/STM32F1xx_HAL_Driver/Src/stm32f1xx_hal_tim.o
 .text.TIM_ETR_SetConfig
                0x00000000080060ca       0x3e ./Drivers/STM32F1xx_HAL_Driver/Src/stm32f1xx_hal_tim.o
                0x00000000080060ca                TIM_ETR_SetConfig
 .text.HAL_TIMEx_MasterConfigSynchronization
                0x0000000008006108       0xd8 ./Drivers/STM32F1xx_HAL_Driver/Src/stm32f1xx_hal_tim_ex.o
                0x0000000008006108                HAL_TIMEx_MasterConfigSynchronization
 .text.HAL_TIMEx_CommutCallback
                0x00000000080061e0       0x12 ./Drivers/STM32F1xx_HAL_Driver/Src/stm32f1xx_hal_tim_ex.o
                0x00000000080061e0                HAL_TIMEx_CommutCallback
 .text.HAL_TIMEx_BreakCallback
                0x00000000080061f2       0x12 ./Drivers/STM32F1xx_HAL_Driver/Src/stm32f1xx_hal_tim_ex.o
                0x00000000080061f2                HAL_TIMEx_BreakCallback
 .text.HAL_UART_Init
                0x0000000008006204       0x9a ./Drivers/STM32F1xx_HAL_Driver/Src/stm32f1xx_hal_uart.o
                0x0000000008006204                HAL_UART_Init
 *fill*         0x000000000800629e        0x2 
 .text.UART_SetConfig
                0x00000000080062a0      0x11c ./Drivers/STM32F1xx_HAL_Driver/Src/stm32f1xx_hal_uart.o
 .text.FSMC_NORSRAM_Init
                0x00000000080063bc       0xd4 ./Drivers/STM32F1xx_HAL_Driver/Src/stm32f1xx_ll_fsmc.o
                0x00000000080063bc                FSMC_NORSRAM_Init
 .text.FSMC_NORSRAM_Timing_Init
                0x0000000008006490       0x68 ./Drivers/STM32F1xx_HAL_Driver/Src/stm32f1xx_ll_fsmc.o
                0x0000000008006490                FSMC_NORSRAM_Timing_Init
 .text.FSMC_NORSRAM_Extended_Timing_Init
                0x00000000080064f8       0x70 ./Drivers/STM32F1xx_HAL_Driver/Src/stm32f1xx_ll_fsmc.o
                0x00000000080064f8                FSMC_NORSRAM_Extended_Timing_Init
 .text.makeFreeRtosPriority
                0x0000000008006568       0x2e ./Middlewares/Third_Party/FreeRTOS/Source/CMSIS_RTOS/cmsis_os.o
 .text.osKernelStart
                0x0000000008006596        0xe ./Middlewares/Third_Party/FreeRTOS/Source/CMSIS_RTOS/cmsis_os.o
                0x0000000008006596                osKernelStart
 .text.osThreadCreate
                0x00000000080065a4       0x98 ./Middlewares/Third_Party/FreeRTOS/Source/CMSIS_RTOS/cmsis_os.o
                0x00000000080065a4                osThreadCreate
 .text.osDelay  0x000000000800663c       0x28 ./Middlewares/Third_Party/FreeRTOS/Source/CMSIS_RTOS/cmsis_os.o
                0x000000000800663c                osDelay
 .text.vListInitialise
                0x0000000008006664       0x3e ./Middlewares/Third_Party/FreeRTOS/Source/list.o
                0x0000000008006664                vListInitialise
 .text.vListInitialiseItem
                0x00000000080066a2       0x18 ./Middlewares/Third_Party/FreeRTOS/Source/list.o
                0x00000000080066a2                vListInitialiseItem
 .text.vListInsertEnd
                0x00000000080066ba       0x46 ./Middlewares/Third_Party/FreeRTOS/Source/list.o
                0x00000000080066ba                vListInsertEnd
 .text.vListInsert
                0x0000000008006700       0x70 ./Middlewares/Third_Party/FreeRTOS/Source/list.o
                0x0000000008006700                vListInsert
 .text.uxListRemove
                0x0000000008006770       0x52 ./Middlewares/Third_Party/FreeRTOS/Source/list.o
                0x0000000008006770                uxListRemove
 .text.xTaskCreateStatic
                0x00000000080067c2       0xb8 ./Middlewares/Third_Party/FreeRTOS/Source/tasks.o
                0x00000000080067c2                xTaskCreateStatic
 .text.xTaskCreate
                0x000000000800687a       0x8a ./Middlewares/Third_Party/FreeRTOS/Source/tasks.o
                0x000000000800687a                xTaskCreate
 .text.prvInitialiseNewTask
                0x0000000008006904      0x12c ./Middlewares/Third_Party/FreeRTOS/Source/tasks.o
 .text.prvAddNewTaskToReadyList
                0x0000000008006a30       0xd4 ./Middlewares/Third_Party/FreeRTOS/Source/tasks.o
 .text.vTaskDelay
                0x0000000008006b04       0x68 ./Middlewares/Third_Party/FreeRTOS/Source/tasks.o
                0x0000000008006b04                vTaskDelay
 .text.vTaskStartScheduler
                0x0000000008006b6c       0xd4 ./Middlewares/Third_Party/FreeRTOS/Source/tasks.o
                0x0000000008006b6c                vTaskStartScheduler
 .text.vTaskSuspendAll
                0x0000000008006c40       0x1c ./Middlewares/Third_Party/FreeRTOS/Source/tasks.o
                0x0000000008006c40                vTaskSuspendAll
 .text.xTaskResumeAll
                0x0000000008006c5c      0x138 ./Middlewares/Third_Party/FreeRTOS/Source/tasks.o
                0x0000000008006c5c                xTaskResumeAll
 .text.xTaskIncrementTick
                0x0000000008006d94      0x17c ./Middlewares/Third_Party/FreeRTOS/Source/tasks.o
                0x0000000008006d94                xTaskIncrementTick
 .text.vTaskSwitchContext
                0x0000000008006f10       0xc4 ./Middlewares/Third_Party/FreeRTOS/Source/tasks.o
                0x0000000008006f10                vTaskSwitchContext
 .text.prvIdleTask
                0x0000000008006fd4       0x30 ./Middlewares/Third_Party/FreeRTOS/Source/tasks.o
 .text.prvInitialiseTaskLists
                0x0000000008007004       0x80 ./Middlewares/Third_Party/FreeRTOS/Source/tasks.o
 .text.prvCheckTasksWaitingTermination
                0x0000000008007084       0x5c ./Middlewares/Third_Party/FreeRTOS/Source/tasks.o
 .text.prvDeleteTCB
                0x00000000080070e0       0x68 ./Middlewares/Third_Party/FreeRTOS/Source/tasks.o
 .text.prvResetNextTaskUnblockTime
                0x0000000008007148       0x48 ./Middlewares/Third_Party/FreeRTOS/Source/tasks.o
 .text.prvAddCurrentTaskToDelayedList
                0x0000000008007190       0xcc ./Middlewares/Third_Party/FreeRTOS/Source/tasks.o
 .text.pxPortInitialiseStack
                0x000000000800725c       0x58 ./Middlewares/Third_Party/FreeRTOS/Source/portable/GCC/ARM_CM3/port.o
                0x000000000800725c                pxPortInitialiseStack
 .text.prvTaskExitError
                0x00000000080072b4       0x58 ./Middlewares/Third_Party/FreeRTOS/Source/portable/GCC/ARM_CM3/port.o
 *fill*         0x000000000800730c        0x4 
 .text.SVC_Handler
                0x0000000008007310       0x28 ./Middlewares/Third_Party/FreeRTOS/Source/portable/GCC/ARM_CM3/port.o
                0x0000000008007310                SVC_Handler
 .text.prvPortStartFirstTask
                0x0000000008007338       0x20 ./Middlewares/Third_Party/FreeRTOS/Source/portable/GCC/ARM_CM3/port.o
 .text.xPortStartScheduler
                0x0000000008007358       0xe4 ./Middlewares/Third_Party/FreeRTOS/Source/portable/GCC/ARM_CM3/port.o
                0x0000000008007358                xPortStartScheduler
 .text.vPortEnterCritical
                0x000000000800743c       0x60 ./Middlewares/Third_Party/FreeRTOS/Source/portable/GCC/ARM_CM3/port.o
                0x000000000800743c                vPortEnterCritical
 .text.vPortExitCritical
                0x000000000800749c       0x50 ./Middlewares/Third_Party/FreeRTOS/Source/portable/GCC/ARM_CM3/port.o
                0x000000000800749c                vPortExitCritical
 *fill*         0x00000000080074ec        0x4 
 .text.PendSV_Handler
                0x00000000080074f0       0x48 ./Middlewares/Third_Party/FreeRTOS/Source/portable/GCC/ARM_CM3/port.o
                0x00000000080074f0                PendSV_Handler
 .text.SysTick_Handler
                0x0000000008007538       0x44 ./Middlewares/Third_Party/FreeRTOS/Source/portable/GCC/ARM_CM3/port.o
                0x0000000008007538                SysTick_Handler
 .text.vPortSetupTimerInterrupt
                0x000000000800757c       0x44 ./Middlewares/Third_Party/FreeRTOS/Source/portable/GCC/ARM_CM3/port.o
                0x000000000800757c                vPortSetupTimerInterrupt
 .text.pvPortMalloc
                0x00000000080075c0      0x188 ./Middlewares/Third_Party/FreeRTOS/Source/portable/MemMang/heap_4.o
                0x00000000080075c0                pvPortMalloc
 .text.vPortFree
                0x0000000008007748       0xb4 ./Middlewares/Third_Party/FreeRTOS/Source/portable/MemMang/heap_4.o
                0x0000000008007748                vPortFree
 .text.prvHeapInit
                0x00000000080077fc       0xc4 ./Middlewares/Third_Party/FreeRTOS/Source/portable/MemMang/heap_4.o
 .text.prvInsertBlockIntoFreeList
                0x00000000080078c0       0xb0 ./Middlewares/Third_Party/FreeRTOS/Source/portable/MemMang/heap_4.o
 .text.__errno  0x0000000008007970        0xc /Applications/STM32CubeIDE.app/Contents/Eclipse/plugins/com.st.stm32cube.ide.mcu.externaltools.gnu-tools-for-stm32.9-2020-q2-update.macos64_2.0.0.202105311346/tools/bin/../lib/gcc/arm-none-eabi/9.3.1/../../../../arm-none-eabi/lib/thumb/v7-m/nofp/libc_nano.a(lib_a-errno.o)
                0x0000000008007970                __errno
 .text.std      0x000000000800797c       0x48 /Applications/STM32CubeIDE.app/Contents/Eclipse/plugins/com.st.stm32cube.ide.mcu.externaltools.gnu-tools-for-stm32.9-2020-q2-update.macos64_2.0.0.202105311346/tools/bin/../lib/gcc/arm-none-eabi/9.3.1/../../../../arm-none-eabi/lib/thumb/v7-m/nofp/libc_nano.a(lib_a-findfp.o)
 .text._cleanup_r
                0x00000000080079c4        0xc /Applications/STM32CubeIDE.app/Contents/Eclipse/plugins/com.st.stm32cube.ide.mcu.externaltools.gnu-tools-for-stm32.9-2020-q2-update.macos64_2.0.0.202105311346/tools/bin/../lib/gcc/arm-none-eabi/9.3.1/../../../../arm-none-eabi/lib/thumb/v7-m/nofp/libc_nano.a(lib_a-findfp.o)
                0x00000000080079c4                _cleanup_r
 .text.__sfmoreglue
                0x00000000080079d0       0x2c /Applications/STM32CubeIDE.app/Contents/Eclipse/plugins/com.st.stm32cube.ide.mcu.externaltools.gnu-tools-for-stm32.9-2020-q2-update.macos64_2.0.0.202105311346/tools/bin/../lib/gcc/arm-none-eabi/9.3.1/../../../../arm-none-eabi/lib/thumb/v7-m/nofp/libc_nano.a(lib_a-findfp.o)
                0x00000000080079d0                __sfmoreglue
 .text.__sfp_lock_acquire
                0x00000000080079fc        0xc /Applications/STM32CubeIDE.app/Contents/Eclipse/plugins/com.st.stm32cube.ide.mcu.externaltools.gnu-tools-for-stm32.9-2020-q2-update.macos64_2.0.0.202105311346/tools/bin/../lib/gcc/arm-none-eabi/9.3.1/../../../../arm-none-eabi/lib/thumb/v7-m/nofp/libc_nano.a(lib_a-findfp.o)
                0x00000000080079fc                __sfp_lock_acquire
 .text.__sfp_lock_release
                0x0000000008007a08        0xc /Applications/STM32CubeIDE.app/Contents/Eclipse/plugins/com.st.stm32cube.ide.mcu.externaltools.gnu-tools-for-stm32.9-2020-q2-update.macos64_2.0.0.202105311346/tools/bin/../lib/gcc/arm-none-eabi/9.3.1/../../../../arm-none-eabi/lib/thumb/v7-m/nofp/libc_nano.a(lib_a-findfp.o)
                0x0000000008007a08                __sfp_lock_release
 .text.__sinit_lock_acquire
                0x0000000008007a14        0xc /Applications/STM32CubeIDE.app/Contents/Eclipse/plugins/com.st.stm32cube.ide.mcu.externaltools.gnu-tools-for-stm32.9-2020-q2-update.macos64_2.0.0.202105311346/tools/bin/../lib/gcc/arm-none-eabi/9.3.1/../../../../arm-none-eabi/lib/thumb/v7-m/nofp/libc_nano.a(lib_a-findfp.o)
                0x0000000008007a14                __sinit_lock_acquire
 .text.__sinit_lock_release
                0x0000000008007a20        0xc /Applications/STM32CubeIDE.app/Contents/Eclipse/plugins/com.st.stm32cube.ide.mcu.externaltools.gnu-tools-for-stm32.9-2020-q2-update.macos64_2.0.0.202105311346/tools/bin/../lib/gcc/arm-none-eabi/9.3.1/../../../../arm-none-eabi/lib/thumb/v7-m/nofp/libc_nano.a(lib_a-findfp.o)
                0x0000000008007a20                __sinit_lock_release
 .text.__sinit  0x0000000008007a2c       0x70 /Applications/STM32CubeIDE.app/Contents/Eclipse/plugins/com.st.stm32cube.ide.mcu.externaltools.gnu-tools-for-stm32.9-2020-q2-update.macos64_2.0.0.202105311346/tools/bin/../lib/gcc/arm-none-eabi/9.3.1/../../../../arm-none-eabi/lib/thumb/v7-m/nofp/libc_nano.a(lib_a-findfp.o)
                0x0000000008007a2c                __sinit
 .text.__sfp    0x0000000008007a9c       0x8c /Applications/STM32CubeIDE.app/Contents/Eclipse/plugins/com.st.stm32cube.ide.mcu.externaltools.gnu-tools-for-stm32.9-2020-q2-update.macos64_2.0.0.202105311346/tools/bin/../lib/gcc/arm-none-eabi/9.3.1/../../../../arm-none-eabi/lib/thumb/v7-m/nofp/libc_nano.a(lib_a-findfp.o)
                0x0000000008007a9c                __sfp
 .text._fwalk_reent
                0x0000000008007b28       0x3e /Applications/STM32CubeIDE.app/Contents/Eclipse/plugins/com.st.stm32cube.ide.mcu.externaltools.gnu-tools-for-stm32.9-2020-q2-update.macos64_2.0.0.202105311346/tools/bin/../lib/gcc/arm-none-eabi/9.3.1/../../../../arm-none-eabi/lib/thumb/v7-m/nofp/libc_nano.a(lib_a-fwalk.o)
                0x0000000008007b28                _fwalk_reent
 *fill*         0x0000000008007b66        0x2 
 .text.__libc_init_array
                0x0000000008007b68       0x48 /Applications/STM32CubeIDE.app/Contents/Eclipse/plugins/com.st.stm32cube.ide.mcu.externaltools.gnu-tools-for-stm32.9-2020-q2-update.macos64_2.0.0.202105311346/tools/bin/../lib/gcc/arm-none-eabi/9.3.1/../../../../arm-none-eabi/lib/thumb/v7-m/nofp/libc_nano.a(lib_a-init.o)
                0x0000000008007b68                __libc_init_array
 .text.__retarget_lock_init_recursive
                0x0000000008007bb0        0x2 /Applications/STM32CubeIDE.app/Contents/Eclipse/plugins/com.st.stm32cube.ide.mcu.externaltools.gnu-tools-for-stm32.9-2020-q2-update.macos64_2.0.0.202105311346/tools/bin/../lib/gcc/arm-none-eabi/9.3.1/../../../../arm-none-eabi/lib/thumb/v7-m/nofp/libc_nano.a(lib_a-lock.o)
                0x0000000008007bb0                __retarget_lock_init_recursive
 .text.__retarget_lock_acquire_recursive
                0x0000000008007bb2        0x2 /Applications/STM32CubeIDE.app/Contents/Eclipse/plugins/com.st.stm32cube.ide.mcu.externaltools.gnu-tools-for-stm32.9-2020-q2-update.macos64_2.0.0.202105311346/tools/bin/../lib/gcc/arm-none-eabi/9.3.1/../../../../arm-none-eabi/lib/thumb/v7-m/nofp/libc_nano.a(lib_a-lock.o)
                0x0000000008007bb2                __retarget_lock_acquire_recursive
 .text.__retarget_lock_release_recursive
                0x0000000008007bb4        0x2 /Applications/STM32CubeIDE.app/Contents/Eclipse/plugins/com.st.stm32cube.ide.mcu.externaltools.gnu-tools-for-stm32.9-2020-q2-update.macos64_2.0.0.202105311346/tools/bin/../lib/gcc/arm-none-eabi/9.3.1/../../../../arm-none-eabi/lib/thumb/v7-m/nofp/libc_nano.a(lib_a-lock.o)
                0x0000000008007bb4                __retarget_lock_release_recursive
 .text.memcpy   0x0000000008007bb6       0x1c /Applications/STM32CubeIDE.app/Contents/Eclipse/plugins/com.st.stm32cube.ide.mcu.externaltools.gnu-tools-for-stm32.9-2020-q2-update.macos64_2.0.0.202105311346/tools/bin/../lib/gcc/arm-none-eabi/9.3.1/../../../../arm-none-eabi/lib/thumb/v7-m/nofp/libc_nano.a(lib_a-memcpy-stub.o)
                0x0000000008007bb6                memcpy
 .text.memset   0x0000000008007bd2       0x10 /Applications/STM32CubeIDE.app/Contents/Eclipse/plugins/com.st.stm32cube.ide.mcu.externaltools.gnu-tools-for-stm32.9-2020-q2-update.macos64_2.0.0.202105311346/tools/bin/../lib/gcc/arm-none-eabi/9.3.1/../../../../arm-none-eabi/lib/thumb/v7-m/nofp/libc_nano.a(lib_a-memset.o)
                0x0000000008007bd2                memset
 *fill*         0x0000000008007be2        0x2 
 .text._malloc_r
                0x0000000008007be4       0xb4 /Applications/STM32CubeIDE.app/Contents/Eclipse/plugins/com.st.stm32cube.ide.mcu.externaltools.gnu-tools-for-stm32.9-2020-q2-update.macos64_2.0.0.202105311346/tools/bin/../lib/gcc/arm-none-eabi/9.3.1/../../../../arm-none-eabi/lib/thumb/v7-m/nofp/libc_nano.a(lib_a-nano-mallocr.o)
                0x0000000008007be4                _malloc_r
 .text.srand    0x0000000008007c98       0x5c /Applications/STM32CubeIDE.app/Contents/Eclipse/plugins/com.st.stm32cube.ide.mcu.externaltools.gnu-tools-for-stm32.9-2020-q2-update.macos64_2.0.0.202105311346/tools/bin/../lib/gcc/arm-none-eabi/9.3.1/../../../../arm-none-eabi/lib/thumb/v7-m/nofp/libc_nano.a(lib_a-rand.o)
                0x0000000008007c98                srand
 .text.rand     0x0000000008007cf4       0x80 /Applications/STM32CubeIDE.app/Contents/Eclipse/plugins/com.st.stm32cube.ide.mcu.externaltools.gnu-tools-for-stm32.9-2020-q2-update.macos64_2.0.0.202105311346/tools/bin/../lib/gcc/arm-none-eabi/9.3.1/../../../../arm-none-eabi/lib/thumb/v7-m/nofp/libc_nano.a(lib_a-rand.o)
                0x0000000008007cf4                rand
 .text.cleanup_glue
                0x0000000008007d74       0x1a /Applications/STM32CubeIDE.app/Contents/Eclipse/plugins/com.st.stm32cube.ide.mcu.externaltools.gnu-tools-for-stm32.9-2020-q2-update.macos64_2.0.0.202105311346/tools/bin/../lib/gcc/arm-none-eabi/9.3.1/../../../../arm-none-eabi/lib/thumb/v7-m/nofp/libc_nano.a(lib_a-reent.o)
                0x0000000008007d74                cleanup_glue
 *fill*         0x0000000008007d8e        0x2 
 .text._reclaim_reent
                0x0000000008007d90       0xb8 /Applications/STM32CubeIDE.app/Contents/Eclipse/plugins/com.st.stm32cube.ide.mcu.externaltools.gnu-tools-for-stm32.9-2020-q2-update.macos64_2.0.0.202105311346/tools/bin/../lib/gcc/arm-none-eabi/9.3.1/../../../../arm-none-eabi/lib/thumb/v7-m/nofp/libc_nano.a(lib_a-reent.o)
                0x0000000008007d90                _reclaim_reent
 .text._sbrk_r  0x0000000008007e48       0x20 /Applications/STM32CubeIDE.app/Contents/Eclipse/plugins/com.st.stm32cube.ide.mcu.externaltools.gnu-tools-for-stm32.9-2020-q2-update.macos64_2.0.0.202105311346/tools/bin/../lib/gcc/arm-none-eabi/9.3.1/../../../../arm-none-eabi/lib/thumb/v7-m/nofp/libc_nano.a(lib_a-sbrkr.o)
                0x0000000008007e48                _sbrk_r
 .text.sprintf  0x0000000008007e68       0x40 /Applications/STM32CubeIDE.app/Contents/Eclipse/plugins/com.st.stm32cube.ide.mcu.externaltools.gnu-tools-for-stm32.9-2020-q2-update.macos64_2.0.0.202105311346/tools/bin/../lib/gcc/arm-none-eabi/9.3.1/../../../../arm-none-eabi/lib/thumb/v7-m/nofp/libc_nano.a(lib_a-sprintf.o)
                0x0000000008007e68                sprintf
                0x0000000008007e68                siprintf
 .text.__sread  0x0000000008007ea8       0x22 /Applications/STM32CubeIDE.app/Contents/Eclipse/plugins/com.st.stm32cube.ide.mcu.externaltools.gnu-tools-for-stm32.9-2020-q2-update.macos64_2.0.0.202105311346/tools/bin/../lib/gcc/arm-none-eabi/9.3.1/../../../../arm-none-eabi/lib/thumb/v7-m/nofp/libc_nano.a(lib_a-stdio.o)
                0x0000000008007ea8                __sread
 .text.__swrite
                0x0000000008007eca       0x38 /Applications/STM32CubeIDE.app/Contents/Eclipse/plugins/com.st.stm32cube.ide.mcu.externaltools.gnu-tools-for-stm32.9-2020-q2-update.macos64_2.0.0.202105311346/tools/bin/../lib/gcc/arm-none-eabi/9.3.1/../../../../arm-none-eabi/lib/thumb/v7-m/nofp/libc_nano.a(lib_a-stdio.o)
                0x0000000008007eca                __swrite
 .text.__sseek  0x0000000008007f02       0x24 /Applications/STM32CubeIDE.app/Contents/Eclipse/plugins/com.st.stm32cube.ide.mcu.externaltools.gnu-tools-for-stm32.9-2020-q2-update.macos64_2.0.0.202105311346/tools/bin/../lib/gcc/arm-none-eabi/9.3.1/../../../../arm-none-eabi/lib/thumb/v7-m/nofp/libc_nano.a(lib_a-stdio.o)
                0x0000000008007f02                __sseek
 .text.__sclose
                0x0000000008007f26        0x8 /Applications/STM32CubeIDE.app/Contents/Eclipse/plugins/com.st.stm32cube.ide.mcu.externaltools.gnu-tools-for-stm32.9-2020-q2-update.macos64_2.0.0.202105311346/tools/bin/../lib/gcc/arm-none-eabi/9.3.1/../../../../arm-none-eabi/lib/thumb/v7-m/nofp/libc_nano.a(lib_a-stdio.o)
                0x0000000008007f26                __sclose
 *fill*         0x0000000008007f2e        0x2 
 .text._write_r
                0x0000000008007f30       0x24 /Applications/STM32CubeIDE.app/Contents/Eclipse/plugins/com.st.stm32cube.ide.mcu.externaltools.gnu-tools-for-stm32.9-2020-q2-update.macos64_2.0.0.202105311346/tools/bin/../lib/gcc/arm-none-eabi/9.3.1/../../../../arm-none-eabi/lib/thumb/v7-m/nofp/libc_nano.a(lib_a-writer.o)
                0x0000000008007f30                _write_r
 .text.__assert_func
                0x0000000008007f54       0x3c /Applications/STM32CubeIDE.app/Contents/Eclipse/plugins/com.st.stm32cube.ide.mcu.externaltools.gnu-tools-for-stm32.9-2020-q2-update.macos64_2.0.0.202105311346/tools/bin/../lib/gcc/arm-none-eabi/9.3.1/../../../../arm-none-eabi/lib/thumb/v7-m/nofp/libc_nano.a(lib_a-assert.o)
                0x0000000008007f54                __assert_func
 .text._close_r
                0x0000000008007f90       0x20 /Applications/STM32CubeIDE.app/Contents/Eclipse/plugins/com.st.stm32cube.ide.mcu.externaltools.gnu-tools-for-stm32.9-2020-q2-update.macos64_2.0.0.202105311346/tools/bin/../lib/gcc/arm-none-eabi/9.3.1/../../../../arm-none-eabi/lib/thumb/v7-m/nofp/libc_nano.a(lib_a-closer.o)
                0x0000000008007f90                _close_r
 .text.__sflush_r
                0x0000000008007fb0      0x10c /Applications/STM32CubeIDE.app/Contents/Eclipse/plugins/com.st.stm32cube.ide.mcu.externaltools.gnu-tools-for-stm32.9-2020-q2-update.macos64_2.0.0.202105311346/tools/bin/../lib/gcc/arm-none-eabi/9.3.1/../../../../arm-none-eabi/lib/thumb/v7-m/nofp/libc_nano.a(lib_a-fflush.o)
                0x0000000008007fb0                __sflush_r
 .text._fflush_r
                0x00000000080080bc       0x78 /Applications/STM32CubeIDE.app/Contents/Eclipse/plugins/com.st.stm32cube.ide.mcu.externaltools.gnu-tools-for-stm32.9-2020-q2-update.macos64_2.0.0.202105311346/tools/bin/../lib/gcc/arm-none-eabi/9.3.1/../../../../arm-none-eabi/lib/thumb/v7-m/nofp/libc_nano.a(lib_a-fflush.o)
                0x00000000080080bc                _fflush_r
 .text.fprintf  0x0000000008008134       0x24 /Applications/STM32CubeIDE.app/Contents/Eclipse/plugins/com.st.stm32cube.ide.mcu.externaltools.gnu-tools-for-stm32.9-2020-q2-update.macos64_2.0.0.202105311346/tools/bin/../lib/gcc/arm-none-eabi/9.3.1/../../../../arm-none-eabi/lib/thumb/v7-m/nofp/libc_nano.a(lib_a-fprintf.o)
                0x0000000008008134                fprintf
                0x0000000008008134                fiprintf
 .text._lseek_r
                0x0000000008008158       0x24 /Applications/STM32CubeIDE.app/Contents/Eclipse/plugins/com.st.stm32cube.ide.mcu.externaltools.gnu-tools-for-stm32.9-2020-q2-update.macos64_2.0.0.202105311346/tools/bin/../lib/gcc/arm-none-eabi/9.3.1/../../../../arm-none-eabi/lib/thumb/v7-m/nofp/libc_nano.a(lib_a-lseekr.o)
                0x0000000008008158                _lseek_r
 .text.malloc   0x000000000800817c       0x10 /Applications/STM32CubeIDE.app/Contents/Eclipse/plugins/com.st.stm32cube.ide.mcu.externaltools.gnu-tools-for-stm32.9-2020-q2-update.macos64_2.0.0.202105311346/tools/bin/../lib/gcc/arm-none-eabi/9.3.1/../../../../arm-none-eabi/lib/thumb/v7-m/nofp/libc_nano.a(lib_a-malloc.o)
                0x000000000800817c                malloc
 .text.__malloc_lock
                0x000000000800818c        0xc /Applications/STM32CubeIDE.app/Contents/Eclipse/plugins/com.st.stm32cube.ide.mcu.externaltools.gnu-tools-for-stm32.9-2020-q2-update.macos64_2.0.0.202105311346/tools/bin/../lib/gcc/arm-none-eabi/9.3.1/../../../../arm-none-eabi/lib/thumb/v7-m/nofp/libc_nano.a(lib_a-mlock.o)
                0x000000000800818c                __malloc_lock
 .text.__malloc_unlock
                0x0000000008008198        0xc /Applications/STM32CubeIDE.app/Contents/Eclipse/plugins/com.st.stm32cube.ide.mcu.externaltools.gnu-tools-for-stm32.9-2020-q2-update.macos64_2.0.0.202105311346/tools/bin/../lib/gcc/arm-none-eabi/9.3.1/../../../../arm-none-eabi/lib/thumb/v7-m/nofp/libc_nano.a(lib_a-mlock.o)
                0x0000000008008198                __malloc_unlock
 .text._free_r  0x00000000080081a4       0x98 /Applications/STM32CubeIDE.app/Contents/Eclipse/plugins/com.st.stm32cube.ide.mcu.externaltools.gnu-tools-for-stm32.9-2020-q2-update.macos64_2.0.0.202105311346/tools/bin/../lib/gcc/arm-none-eabi/9.3.1/../../../../arm-none-eabi/lib/thumb/v7-m/nofp/libc_nano.a(lib_a-nano-freer.o)
                0x00000000080081a4                _free_r
 .text.__ssputs_r
                0x000000000800823c       0xb6 /Applications/STM32CubeIDE.app/Contents/Eclipse/plugins/com.st.stm32cube.ide.mcu.externaltools.gnu-tools-for-stm32.9-2020-q2-update.macos64_2.0.0.202105311346/tools/bin/../lib/gcc/arm-none-eabi/9.3.1/../../../../arm-none-eabi/lib/thumb/v7-m/nofp/libc_nano.a(lib_a-nano-svfprintf.o)
                0x000000000800823c                __ssputs_r
 *fill*         0x00000000080082f2        0x2 
 .text._svfprintf_r
                0x00000000080082f4      0x200 /Applications/STM32CubeIDE.app/Contents/Eclipse/plugins/com.st.stm32cube.ide.mcu.externaltools.gnu-tools-for-stm32.9-2020-q2-update.macos64_2.0.0.202105311346/tools/bin/../lib/gcc/arm-none-eabi/9.3.1/../../../../arm-none-eabi/lib/thumb/v7-m/nofp/libc_nano.a(lib_a-nano-svfprintf.o)
                0x00000000080082f4                _svfprintf_r
                0x00000000080082f4                _svfiprintf_r
 .text.__sfputc_r
                0x00000000080084f4       0x2a /Applications/STM32CubeIDE.app/Contents/Eclipse/plugins/com.st.stm32cube.ide.mcu.externaltools.gnu-tools-for-stm32.9-2020-q2-update.macos64_2.0.0.202105311346/tools/bin/../lib/gcc/arm-none-eabi/9.3.1/../../../../arm-none-eabi/lib/thumb/v7-m/nofp/libc_nano.a(lib_a-nano-vfprintf.o)
 .text.__sfputs_r
                0x000000000800851e       0x24 /Applications/STM32CubeIDE.app/Contents/Eclipse/plugins/com.st.stm32cube.ide.mcu.externaltools.gnu-tools-for-stm32.9-2020-q2-update.macos64_2.0.0.202105311346/tools/bin/../lib/gcc/arm-none-eabi/9.3.1/../../../../arm-none-eabi/lib/thumb/v7-m/nofp/libc_nano.a(lib_a-nano-vfprintf.o)
                0x000000000800851e                __sfputs_r
 *fill*         0x0000000008008542        0x2 
 .text._vfprintf_r
                0x0000000008008544      0x260 /Applications/STM32CubeIDE.app/Contents/Eclipse/plugins/com.st.stm32cube.ide.mcu.externaltools.gnu-tools-for-stm32.9-2020-q2-update.macos64_2.0.0.202105311346/tools/bin/../lib/gcc/arm-none-eabi/9.3.1/../../../../arm-none-eabi/lib/thumb/v7-m/nofp/libc_nano.a(lib_a-nano-vfprintf.o)
                0x0000000008008544                _vfiprintf_r
                0x0000000008008544                _vfprintf_r
 .text._printf_common
                0x00000000080087a4       0xde /Applications/STM32CubeIDE.app/Contents/Eclipse/plugins/com.st.stm32cube.ide.mcu.externaltools.gnu-tools-for-stm32.9-2020-q2-update.macos64_2.0.0.202105311346/tools/bin/../lib/gcc/arm-none-eabi/9.3.1/../../../../arm-none-eabi/lib/thumb/v7-m/nofp/libc_nano.a(lib_a-nano-vfprintf_i.o)
                0x00000000080087a4                _printf_common
 *fill*         0x0000000008008882        0x2 
 .text._printf_i
                0x0000000008008884      0x24c /Applications/STM32CubeIDE.app/Contents/Eclipse/plugins/com.st.stm32cube.ide.mcu.externaltools.gnu-tools-for-stm32.9-2020-q2-update.macos64_2.0.0.202105311346/tools/bin/../lib/gcc/arm-none-eabi/9.3.1/../../../../arm-none-eabi/lib/thumb/v7-m/nofp/libc_nano.a(lib_a-nano-vfprintf_i.o)
                0x0000000008008884                _printf_i
 .text._read_r  0x0000000008008ad0       0x24 /Applications/STM32CubeIDE.app/Contents/Eclipse/plugins/com.st.stm32cube.ide.mcu.externaltools.gnu-tools-for-stm32.9-2020-q2-update.macos64_2.0.0.202105311346/tools/bin/../lib/gcc/arm-none-eabi/9.3.1/../../../../arm-none-eabi/lib/thumb/v7-m/nofp/libc_nano.a(lib_a-readr.o)
                0x0000000008008ad0                _read_r
 .text.__swbuf_r
                0x0000000008008af4       0xa4 /Applications/STM32CubeIDE.app/Contents/Eclipse/plugins/com.st.stm32cube.ide.mcu.externaltools.gnu-tools-for-stm32.9-2020-q2-update.macos64_2.0.0.202105311346/tools/bin/../lib/gcc/arm-none-eabi/9.3.1/../../../../arm-none-eabi/lib/thumb/v7-m/nofp/libc_nano.a(lib_a-wbuf.o)
                0x0000000008008af4                __swbuf_r
 .text.__swsetup_r
                0x0000000008008b98       0xdc /Applications/STM32CubeIDE.app/Contents/Eclipse/plugins/com.st.stm32cube.ide.mcu.externaltools.gnu-tools-for-stm32.9-2020-q2-update.macos64_2.0.0.202105311346/tools/bin/../lib/gcc/arm-none-eabi/9.3.1/../../../../arm-none-eabi/lib/thumb/v7-m/nofp/libc_nano.a(lib_a-wsetup.o)
                0x0000000008008b98                __swsetup_r
 .text.abort    0x0000000008008c74        0xe /Applications/STM32CubeIDE.app/Contents/Eclipse/plugins/com.st.stm32cube.ide.mcu.externaltools.gnu-tools-for-stm32.9-2020-q2-update.macos64_2.0.0.202105311346/tools/bin/../lib/gcc/arm-none-eabi/9.3.1/../../../../arm-none-eabi/lib/thumb/v7-m/nofp/libc_nano.a(lib_a-abort.o)
                0x0000000008008c74                abort
 .text.__swhatbuf_r
                0x0000000008008c82       0x48 /Applications/STM32CubeIDE.app/Contents/Eclipse/plugins/com.st.stm32cube.ide.mcu.externaltools.gnu-tools-for-stm32.9-2020-q2-update.macos64_2.0.0.202105311346/tools/bin/../lib/gcc/arm-none-eabi/9.3.1/../../../../arm-none-eabi/lib/thumb/v7-m/nofp/libc_nano.a(lib_a-makebuf.o)
                0x0000000008008c82                __swhatbuf_r
 *fill*         0x0000000008008cca        0x2 
 .text.__smakebuf_r
                0x0000000008008ccc       0x80 /Applications/STM32CubeIDE.app/Contents/Eclipse/plugins/com.st.stm32cube.ide.mcu.externaltools.gnu-tools-for-stm32.9-2020-q2-update.macos64_2.0.0.202105311346/tools/bin/../lib/gcc/arm-none-eabi/9.3.1/../../../../arm-none-eabi/lib/thumb/v7-m/nofp/libc_nano.a(lib_a-makebuf.o)
                0x0000000008008ccc                __smakebuf_r
 .text.memchr   0x0000000008008d4c       0x1c /Applications/STM32CubeIDE.app/Contents/Eclipse/plugins/com.st.stm32cube.ide.mcu.externaltools.gnu-tools-for-stm32.9-2020-q2-update.macos64_2.0.0.202105311346/tools/bin/../lib/gcc/arm-none-eabi/9.3.1/../../../../arm-none-eabi/lib/thumb/v7-m/nofp/libc_nano.a(lib_a-memchr-stub.o)
                0x0000000008008d4c                memchr
 .text.memmove  0x0000000008008d68       0x34 /Applications/STM32CubeIDE.app/Contents/Eclipse/plugins/com.st.stm32cube.ide.mcu.externaltools.gnu-tools-for-stm32.9-2020-q2-update.macos64_2.0.0.202105311346/tools/bin/../lib/gcc/arm-none-eabi/9.3.1/../../../../arm-none-eabi/lib/thumb/v7-m/nofp/libc_nano.a(lib_a-memmove.o)
                0x0000000008008d68                memmove
 .text._realloc_r
                0x0000000008008d9c       0x4c /Applications/STM32CubeIDE.app/Contents/Eclipse/plugins/com.st.stm32cube.ide.mcu.externaltools.gnu-tools-for-stm32.9-2020-q2-update.macos64_2.0.0.202105311346/tools/bin/../lib/gcc/arm-none-eabi/9.3.1/../../../../arm-none-eabi/lib/thumb/v7-m/nofp/libc_nano.a(lib_a-nano-reallocr.o)
                0x0000000008008d9c                _realloc_r
 .text._raise_r
                0x0000000008008de8       0x50 /Applications/STM32CubeIDE.app/Contents/Eclipse/plugins/com.st.stm32cube.ide.mcu.externaltools.gnu-tools-for-stm32.9-2020-q2-update.macos64_2.0.0.202105311346/tools/bin/../lib/gcc/arm-none-eabi/9.3.1/../../../../arm-none-eabi/lib/thumb/v7-m/nofp/libc_nano.a(lib_a-signal.o)
                0x0000000008008de8                _raise_r
 .text.raise    0x0000000008008e38       0x10 /Applications/STM32CubeIDE.app/Contents/Eclipse/plugins/com.st.stm32cube.ide.mcu.externaltools.gnu-tools-for-stm32.9-2020-q2-update.macos64_2.0.0.202105311346/tools/bin/../lib/gcc/arm-none-eabi/9.3.1/../../../../arm-none-eabi/lib/thumb/v7-m/nofp/libc_nano.a(lib_a-signal.o)
                0x0000000008008e38                raise
 .text._kill_r  0x0000000008008e48       0x24 /Applications/STM32CubeIDE.app/Contents/Eclipse/plugins/com.st.stm32cube.ide.mcu.externaltools.gnu-tools-for-stm32.9-2020-q2-update.macos64_2.0.0.202105311346/tools/bin/../lib/gcc/arm-none-eabi/9.3.1/../../../../arm-none-eabi/lib/thumb/v7-m/nofp/libc_nano.a(lib_a-signalr.o)
                0x0000000008008e48                _kill_r
 .text._getpid_r
                0x0000000008008e6c        0x4 /Applications/STM32CubeIDE.app/Contents/Eclipse/plugins/com.st.stm32cube.ide.mcu.externaltools.gnu-tools-for-stm32.9-2020-q2-update.macos64_2.0.0.202105311346/tools/bin/../lib/gcc/arm-none-eabi/9.3.1/../../../../arm-none-eabi/lib/thumb/v7-m/nofp/libc_nano.a(lib_a-signalr.o)
                0x0000000008008e6c                _getpid_r
 .text._fstat_r
                0x0000000008008e70       0x24 /Applications/STM32CubeIDE.app/Contents/Eclipse/plugins/com.st.stm32cube.ide.mcu.externaltools.gnu-tools-for-stm32.9-2020-q2-update.macos64_2.0.0.202105311346/tools/bin/../lib/gcc/arm-none-eabi/9.3.1/../../../../arm-none-eabi/lib/thumb/v7-m/nofp/libc_nano.a(lib_a-fstatr.o)
                0x0000000008008e70                _fstat_r
 .text._isatty_r
                0x0000000008008e94       0x20 /Applications/STM32CubeIDE.app/Contents/Eclipse/plugins/com.st.stm32cube.ide.mcu.externaltools.gnu-tools-for-stm32.9-2020-q2-update.macos64_2.0.0.202105311346/tools/bin/../lib/gcc/arm-none-eabi/9.3.1/../../../../arm-none-eabi/lib/thumb/v7-m/nofp/libc_nano.a(lib_a-isattyr.o)
                0x0000000008008e94                _isatty_r
 .text._malloc_usable_size_r
                0x0000000008008eb4       0x10 /Applications/STM32CubeIDE.app/Contents/Eclipse/plugins/com.st.stm32cube.ide.mcu.externaltools.gnu-tools-for-stm32.9-2020-q2-update.macos64_2.0.0.202105311346/tools/bin/../lib/gcc/arm-none-eabi/9.3.1/../../../../arm-none-eabi/lib/thumb/v7-m/nofp/libc_nano.a(lib_a-nano-msizer.o)
                0x0000000008008eb4                _malloc_usable_size_r
 *(.glue_7)
 .glue_7        0x0000000008008ec4        0x0 linker stubs
 *(.glue_7t)
 .glue_7t       0x0000000008008ec4        0x0 linker stubs
 *(.eh_frame)
 .eh_frame      0x0000000008008ec4        0x0 /Applications/STM32CubeIDE.app/Contents/Eclipse/plugins/com.st.stm32cube.ide.mcu.externaltools.gnu-tools-for-stm32.9-2020-q2-update.macos64_2.0.0.202105311346/tools/bin/../lib/gcc/arm-none-eabi/9.3.1/thumb/v7-m/nofp/crtbegin.o
 *(.init)
 .init          0x0000000008008ec4        0x4 /Applications/STM32CubeIDE.app/Contents/Eclipse/plugins/com.st.stm32cube.ide.mcu.externaltools.gnu-tools-for-stm32.9-2020-q2-update.macos64_2.0.0.202105311346/tools/bin/../lib/gcc/arm-none-eabi/9.3.1/thumb/v7-m/nofp/crti.o
                0x0000000008008ec4                _init
 .init          0x0000000008008ec8        0x8 /Applications/STM32CubeIDE.app/Contents/Eclipse/plugins/com.st.stm32cube.ide.mcu.externaltools.gnu-tools-for-stm32.9-2020-q2-update.macos64_2.0.0.202105311346/tools/bin/../lib/gcc/arm-none-eabi/9.3.1/thumb/v7-m/nofp/crtn.o
 *(.fini)
 .fini          0x0000000008008ed0        0x4 /Applications/STM32CubeIDE.app/Contents/Eclipse/plugins/com.st.stm32cube.ide.mcu.externaltools.gnu-tools-for-stm32.9-2020-q2-update.macos64_2.0.0.202105311346/tools/bin/../lib/gcc/arm-none-eabi/9.3.1/thumb/v7-m/nofp/crti.o
                0x0000000008008ed0                _fini
 .fini          0x0000000008008ed4        0x8 /Applications/STM32CubeIDE.app/Contents/Eclipse/plugins/com.st.stm32cube.ide.mcu.externaltools.gnu-tools-for-stm32.9-2020-q2-update.macos64_2.0.0.202105311346/tools/bin/../lib/gcc/arm-none-eabi/9.3.1/thumb/v7-m/nofp/crtn.o
                0x0000000008008edc                . = ALIGN (0x4)
                0x0000000008008edc                _etext = .

.vfp11_veneer   0x0000000008008edc        0x0
 .vfp11_veneer  0x0000000008008edc        0x0 linker stubs

.v4_bx          0x0000000008008edc        0x0
 .v4_bx         0x0000000008008edc        0x0 linker stubs

.iplt           0x0000000008008edc        0x0
 .iplt          0x0000000008008edc        0x0 /Applications/STM32CubeIDE.app/Contents/Eclipse/plugins/com.st.stm32cube.ide.mcu.externaltools.gnu-tools-for-stm32.9-2020-q2-update.macos64_2.0.0.202105311346/tools/bin/../lib/gcc/arm-none-eabi/9.3.1/thumb/v7-m/nofp/crtbegin.o

.rodata         0x0000000008008edc     0x14c4
                0x0000000008008edc                . = ALIGN (0x4)
 *(.rodata)
 .rodata        0x0000000008008edc      0x21c ./Core/Src/freertos.o
 .rodata        0x00000000080090f8      0x110 ./Core/Src/music.o
 .rodata        0x0000000008009208       0x10 ./Drivers/STM32F1xx_HAL_Driver/Src/stm32f1xx_hal_rcc.o
 .rodata        0x0000000008009218       0x10 ./Drivers/STM32F1xx_HAL_Driver/Src/stm32f1xx_hal_rcc_ex.o
 .rodata        0x0000000008009228        0x5 ./Middlewares/Third_Party/FreeRTOS/Source/tasks.o
 *(.rodata*)
 *fill*         0x000000000800922d        0x3 
 .rodata.asc2_1206
                0x0000000008009230      0x474 ./Core/Src/GUI.o
                0x0000000008009230                asc2_1206
 .rodata.asc2_1608
                0x00000000080096a4      0x5f0 ./Core/Src/GUI.o
                0x00000000080096a4                asc2_1608
 .rodata.tfont16
                0x0000000008009c94      0x198 ./Core/Src/GUI.o
                0x0000000008009c94                tfont16
 .rodata.tfont24
                0x0000000008009e2c      0x206 ./Core/Src/GUI.o
                0x0000000008009e2c                tfont24
 *fill*         0x000000000800a032        0x2 
 .rodata.tfont32
                0x000000000800a034      0x208 ./Core/Src/GUI.o
                0x000000000800a034                tfont32
 .rodata.AHBPrescTable
                0x000000000800a23c       0x10 ./Core/Src/system_stm32f1xx.o
                0x000000000800a23c                AHBPrescTable
 .rodata.APBPrescTable
                0x000000000800a24c        0x8 ./Core/Src/system_stm32f1xx.o
                0x000000000800a24c                APBPrescTable
 .rodata.__sf_fake_stderr
                0x000000000800a254       0x20 /Applications/STM32CubeIDE.app/Contents/Eclipse/plugins/com.st.stm32cube.ide.mcu.externaltools.gnu-tools-for-stm32.9-2020-q2-update.macos64_2.0.0.202105311346/tools/bin/../lib/gcc/arm-none-eabi/9.3.1/../../../../arm-none-eabi/lib/thumb/v7-m/nofp/libc_nano.a(lib_a-findfp.o)
                0x000000000800a254                __sf_fake_stderr
 .rodata.__sf_fake_stdin
                0x000000000800a274       0x20 /Applications/STM32CubeIDE.app/Contents/Eclipse/plugins/com.st.stm32cube.ide.mcu.externaltools.gnu-tools-for-stm32.9-2020-q2-update.macos64_2.0.0.202105311346/tools/bin/../lib/gcc/arm-none-eabi/9.3.1/../../../../arm-none-eabi/lib/thumb/v7-m/nofp/libc_nano.a(lib_a-findfp.o)
                0x000000000800a274                __sf_fake_stdin
 .rodata.__sf_fake_stdout
                0x000000000800a294       0x20 /Applications/STM32CubeIDE.app/Contents/Eclipse/plugins/com.st.stm32cube.ide.mcu.externaltools.gnu-tools-for-stm32.9-2020-q2-update.macos64_2.0.0.202105311346/tools/bin/../lib/gcc/arm-none-eabi/9.3.1/../../../../arm-none-eabi/lib/thumb/v7-m/nofp/libc_nano.a(lib_a-findfp.o)
                0x000000000800a294                __sf_fake_stdout
 .rodata._global_impure_ptr
                0x000000000800a2b4        0x4 /Applications/STM32CubeIDE.app/Contents/Eclipse/plugins/com.st.stm32cube.ide.mcu.externaltools.gnu-tools-for-stm32.9-2020-q2-update.macos64_2.0.0.202105311346/tools/bin/../lib/gcc/arm-none-eabi/9.3.1/../../../../arm-none-eabi/lib/thumb/v7-m/nofp/libc_nano.a(lib_a-impure.o)
                0x000000000800a2b4                _global_impure_ptr
 .rodata.srand.str1.1
                0x000000000800a2b8       0x76 /Applications/STM32CubeIDE.app/Contents/Eclipse/plugins/com.st.stm32cube.ide.mcu.externaltools.gnu-tools-for-stm32.9-2020-q2-update.macos64_2.0.0.202105311346/tools/bin/../lib/gcc/arm-none-eabi/9.3.1/../../../../arm-none-eabi/lib/thumb/v7-m/nofp/libc_nano.a(lib_a-rand.o)
 .rodata.__assert_func.str1.1
                0x000000000800a32e       0x3c /Applications/STM32CubeIDE.app/Contents/Eclipse/plugins/com.st.stm32cube.ide.mcu.externaltools.gnu-tools-for-stm32.9-2020-q2-update.macos64_2.0.0.202105311346/tools/bin/../lib/gcc/arm-none-eabi/9.3.1/../../../../arm-none-eabi/lib/thumb/v7-m/nofp/libc_nano.a(lib_a-assert.o)
                                         0x3d (size before relaxing)
 .rodata._svfprintf_r.str1.1
                0x000000000800a36a       0x11 /Applications/STM32CubeIDE.app/Contents/Eclipse/plugins/com.st.stm32cube.ide.mcu.externaltools.gnu-tools-for-stm32.9-2020-q2-update.macos64_2.0.0.202105311346/tools/bin/../lib/gcc/arm-none-eabi/9.3.1/../../../../arm-none-eabi/lib/thumb/v7-m/nofp/libc_nano.a(lib_a-nano-svfprintf.o)
 .rodata._vfprintf_r.str1.1
                0x000000000800a37b       0x11 /Applications/STM32CubeIDE.app/Contents/Eclipse/plugins/com.st.stm32cube.ide.mcu.externaltools.gnu-tools-for-stm32.9-2020-q2-update.macos64_2.0.0.202105311346/tools/bin/../lib/gcc/arm-none-eabi/9.3.1/../../../../arm-none-eabi/lib/thumb/v7-m/nofp/libc_nano.a(lib_a-nano-vfprintf.o)
 .rodata._printf_i.str1.1
                0x000000000800a37b       0x22 /Applications/STM32CubeIDE.app/Contents/Eclipse/plugins/com.st.stm32cube.ide.mcu.externaltools.gnu-tools-for-stm32.9-2020-q2-update.macos64_2.0.0.202105311346/tools/bin/../lib/gcc/arm-none-eabi/9.3.1/../../../../arm-none-eabi/lib/thumb/v7-m/nofp/libc_nano.a(lib_a-nano-vfprintf_i.o)
                0x000000000800a3a0                . = ALIGN (0x4)
 *fill*         0x000000000800a39d        0x3 

.rel.dyn        0x000000000800a3a0        0x0
 .rel.iplt      0x000000000800a3a0        0x0 /Applications/STM32CubeIDE.app/Contents/Eclipse/plugins/com.st.stm32cube.ide.mcu.externaltools.gnu-tools-for-stm32.9-2020-q2-update.macos64_2.0.0.202105311346/tools/bin/../lib/gcc/arm-none-eabi/9.3.1/thumb/v7-m/nofp/crtbegin.o

.ARM.extab      0x000000000800a3a0        0x0
                0x000000000800a3a0                . = ALIGN (0x4)
 *(.ARM.extab* .gnu.linkonce.armextab.*)
                0x000000000800a3a0                . = ALIGN (0x4)

.ARM            0x000000000800a3a0        0x0
                0x000000000800a3a0                . = ALIGN (0x4)
                0x000000000800a3a0                __exidx_start = .
 *(.ARM.exidx*)
                0x000000000800a3a0                __exidx_end = .
                0x000000000800a3a0                . = ALIGN (0x4)

.preinit_array  0x000000000800a3a0        0x0
                0x000000000800a3a0                . = ALIGN (0x4)
                0x000000000800a3a0                PROVIDE (__preinit_array_start = .)
 *(.preinit_array*)
                0x000000000800a3a0                PROVIDE (__preinit_array_end = .)
                0x000000000800a3a0                . = ALIGN (0x4)

.init_array     0x000000000800a3a0        0x4
                0x000000000800a3a0                . = ALIGN (0x4)
                0x000000000800a3a0                PROVIDE (__init_array_start = .)
 *(SORT_BY_NAME(.init_array.*))
 *(.init_array*)
 .init_array    0x000000000800a3a0        0x4 /Applications/STM32CubeIDE.app/Contents/Eclipse/plugins/com.st.stm32cube.ide.mcu.externaltools.gnu-tools-for-stm32.9-2020-q2-update.macos64_2.0.0.202105311346/tools/bin/../lib/gcc/arm-none-eabi/9.3.1/thumb/v7-m/nofp/crtbegin.o
                0x000000000800a3a4                PROVIDE (__init_array_end = .)
                0x000000000800a3a4                . = ALIGN (0x4)

.fini_array     0x000000000800a3a4        0x4
                0x000000000800a3a4                . = ALIGN (0x4)
                [!provide]                        PROVIDE (__fini_array_start = .)
 *(SORT_BY_NAME(.fini_array.*))
 *(.fini_array*)
 .fini_array    0x000000000800a3a4        0x4 /Applications/STM32CubeIDE.app/Contents/Eclipse/plugins/com.st.stm32cube.ide.mcu.externaltools.gnu-tools-for-stm32.9-2020-q2-update.macos64_2.0.0.202105311346/tools/bin/../lib/gcc/arm-none-eabi/9.3.1/thumb/v7-m/nofp/crtbegin.o
                [!provide]                        PROVIDE (__fini_array_end = .)
                0x000000000800a3a8                . = ALIGN (0x4)
                0x000000000800a3a8                _sidata = LOADADDR (.data)

.data           0x0000000020000000       0x98 load address 0x000000000800a3a8
                0x0000000020000000                . = ALIGN (0x4)
                0x0000000020000000                _sdata = .
 *(.data)
 *(.data*)
 .data.table    0x0000000020000000       0x11 ./Core/Src/freertos.o
                0x0000000020000000                table
 *fill*         0x0000000020000011        0x3 
 .data.score_str
                0x0000000020000014        0x6 ./Core/Src/freertos.o
                0x0000000020000014                score_str
 *fill*         0x000000002000001a        0x2 
 .data.choose   0x000000002000001c        0x4 ./Core/Src/freertos.o
                0x000000002000001c                choose
 .data.show_board
                0x0000000020000020        0x1 ./Core/Src/freertos.o
                0x0000000020000020                show_board
 .data.init_len
                0x0000000020000021        0x1 ./Core/Src/freertos.o
                0x0000000020000021                init_len
 .data.update_time
                0x0000000020000022        0x2 ./Core/Src/main.o
                0x0000000020000022                update_time
 .data.SystemCoreClock
                0x0000000020000024        0x4 ./Core/Src/system_stm32f1xx.o
                0x0000000020000024                SystemCoreClock
 .data.uwTickPrio
                0x0000000020000028        0x4 ./Drivers/STM32F1xx_HAL_Driver/Src/stm32f1xx_hal.o
                0x0000000020000028                uwTickPrio
 .data.uwTickFreq
                0x000000002000002c        0x1 ./Drivers/STM32F1xx_HAL_Driver/Src/stm32f1xx_hal.o
                0x000000002000002c                uwTickFreq
 *fill*         0x000000002000002d        0x3 
 .data.uxCriticalNesting
                0x0000000020000030        0x4 ./Middlewares/Third_Party/FreeRTOS/Source/portable/GCC/ARM_CM3/port.o
 .data._impure_ptr
                0x0000000020000034        0x4 /Applications/STM32CubeIDE.app/Contents/Eclipse/plugins/com.st.stm32cube.ide.mcu.externaltools.gnu-tools-for-stm32.9-2020-q2-update.macos64_2.0.0.202105311346/tools/bin/../lib/gcc/arm-none-eabi/9.3.1/../../../../arm-none-eabi/lib/thumb/v7-m/nofp/libc_nano.a(lib_a-impure.o)
                0x0000000020000034                _impure_ptr
 .data.impure_data
                0x0000000020000038       0x60 /Applications/STM32CubeIDE.app/Contents/Eclipse/plugins/com.st.stm32cube.ide.mcu.externaltools.gnu-tools-for-stm32.9-2020-q2-update.macos64_2.0.0.202105311346/tools/bin/../lib/gcc/arm-none-eabi/9.3.1/../../../../arm-none-eabi/lib/thumb/v7-m/nofp/libc_nano.a(lib_a-impure.o)
 *(.RamFunc)
 *(.RamFunc*)
                0x0000000020000098                . = ALIGN (0x4)
                0x0000000020000098                _edata = .

.igot.plt       0x0000000020000098        0x0 load address 0x000000000800a440
 .igot.plt      0x0000000020000098        0x0 /Applications/STM32CubeIDE.app/Contents/Eclipse/plugins/com.st.stm32cube.ide.mcu.externaltools.gnu-tools-for-stm32.9-2020-q2-update.macos64_2.0.0.202105311346/tools/bin/../lib/gcc/arm-none-eabi/9.3.1/thumb/v7-m/nofp/crtbegin.o
                0x0000000020000098                . = ALIGN (0x4)

.bss            0x0000000020000098     0x230c load address 0x000000000800a440
                0x0000000020000098                _sbss = .
                0x0000000020000098                __bss_start__ = _sbss
 *(.bss)
 .bss           0x0000000020000098       0x1c /Applications/STM32CubeIDE.app/Contents/Eclipse/plugins/com.st.stm32cube.ide.mcu.externaltools.gnu-tools-for-stm32.9-2020-q2-update.macos64_2.0.0.202105311346/tools/bin/../lib/gcc/arm-none-eabi/9.3.1/thumb/v7-m/nofp/crtbegin.o
 *(.bss*)
 .bss.s         0x00000000200000b4        0x8 ./Core/Src/freertos.o
                0x00000000200000b4                s
 .bss.game_score
                0x00000000200000bc        0x4 ./Core/Src/freertos.o
                0x00000000200000bc                game_score
 .bss.music_state
                0x00000000200000c0        0x1 ./Core/Src/freertos.o
                0x00000000200000c0                music_state
 .bss.display_choose
                0x00000000200000c1        0x1 ./Core/Src/freertos.o
                0x00000000200000c1                display_choose
 .bss.key_state
                0x00000000200000c2        0x1 ./Core/Src/freertos.o
                0x00000000200000c2                key_state
 *fill*         0x00000000200000c3        0x1 
 .bss.game_board
                0x00000000200000c4      0x168 ./Core/Src/freertos.o
                0x00000000200000c4                game_board
 .bss.val_input
                0x000000002000022c        0x4 ./Core/Src/freertos.o
                0x000000002000022c                val_input
 .bss.direction
                0x0000000020000230        0x1 ./Core/Src/freertos.o
                0x0000000020000230                direction
 .bss.game_state
                0x0000000020000231        0x1 ./Core/Src/freertos.o
                0x0000000020000231                game_state
 .bss.snake_speed
                0x0000000020000232        0x1 ./Core/Src/freertos.o
                0x0000000020000232                snake_speed
 .bss.game_over_show
                0x0000000020000233        0x1 ./Core/Src/freertos.o
                0x0000000020000233                game_over_show
 .bss.xIdleTaskTCBBuffer
                0x0000000020000234       0xb4 ./Core/Src/freertos.o
 .bss.xIdleStack
                0x00000000200002e8      0x200 ./Core/Src/freertos.o
 .bss.FSMC_Initialized
                0x00000000200004e8        0x4 ./Core/Src/fsmc.o
 .bss.POINT_COLOR
                0x00000000200004ec        0x2 ./Core/Src/lcd.o
                0x00000000200004ec                POINT_COLOR
 .bss.check_flag
                0x00000000200004ee        0x1 ./Core/Src/main.o
                0x00000000200004ee                check_flag
 .bss.time_update_flag
                0x00000000200004ef        0x1 ./Core/Src/main.o
                0x00000000200004ef                time_update_flag
 .bss.time1     0x00000000200004f0        0x2 ./Core/Src/main.o
                0x00000000200004f0                time1
 .bss.time2     0x00000000200004f2        0x2 ./Core/Src/main.o
                0x00000000200004f2                time2
 .bss.__sbrk_heap_end
                0x00000000200004f4        0x4 ./Core/Src/sysmem.o
 .bss.pxCurrentTCB
                0x00000000200004f8        0x4 ./Middlewares/Third_Party/FreeRTOS/Source/tasks.o
                0x00000000200004f8                pxCurrentTCB
 .bss.pxReadyTasksLists
                0x00000000200004fc       0x8c ./Middlewares/Third_Party/FreeRTOS/Source/tasks.o
 .bss.xDelayedTaskList1
                0x0000000020000588       0x14 ./Middlewares/Third_Party/FreeRTOS/Source/tasks.o
 .bss.xDelayedTaskList2
                0x000000002000059c       0x14 ./Middlewares/Third_Party/FreeRTOS/Source/tasks.o
 .bss.pxDelayedTaskList
                0x00000000200005b0        0x4 ./Middlewares/Third_Party/FreeRTOS/Source/tasks.o
 .bss.pxOverflowDelayedTaskList
                0x00000000200005b4        0x4 ./Middlewares/Third_Party/FreeRTOS/Source/tasks.o
 .bss.xPendingReadyList
                0x00000000200005b8       0x14 ./Middlewares/Third_Party/FreeRTOS/Source/tasks.o
 .bss.xTasksWaitingTermination
                0x00000000200005cc       0x14 ./Middlewares/Third_Party/FreeRTOS/Source/tasks.o
 .bss.uxDeletedTasksWaitingCleanUp
                0x00000000200005e0        0x4 ./Middlewares/Third_Party/FreeRTOS/Source/tasks.o
 .bss.xSuspendedTaskList
                0x00000000200005e4       0x14 ./Middlewares/Third_Party/FreeRTOS/Source/tasks.o
 .bss.uxCurrentNumberOfTasks
                0x00000000200005f8        0x4 ./Middlewares/Third_Party/FreeRTOS/Source/tasks.o
 .bss.xTickCount
                0x00000000200005fc        0x4 ./Middlewares/Third_Party/FreeRTOS/Source/tasks.o
 .bss.uxTopReadyPriority
                0x0000000020000600        0x4 ./Middlewares/Third_Party/FreeRTOS/Source/tasks.o
 .bss.xSchedulerRunning
                0x0000000020000604        0x4 ./Middlewares/Third_Party/FreeRTOS/Source/tasks.o
 .bss.uxPendedTicks
                0x0000000020000608        0x4 ./Middlewares/Third_Party/FreeRTOS/Source/tasks.o
 .bss.xYieldPending
                0x000000002000060c        0x4 ./Middlewares/Third_Party/FreeRTOS/Source/tasks.o
 .bss.xNumOfOverflows
                0x0000000020000610        0x4 ./Middlewares/Third_Party/FreeRTOS/Source/tasks.o
 .bss.uxTaskNumber
                0x0000000020000614        0x4 ./Middlewares/Third_Party/FreeRTOS/Source/tasks.o
 .bss.xNextTaskUnblockTime
                0x0000000020000618        0x4 ./Middlewares/Third_Party/FreeRTOS/Source/tasks.o
 .bss.xIdleTaskHandle
                0x000000002000061c        0x4 ./Middlewares/Third_Party/FreeRTOS/Source/tasks.o
 .bss.uxSchedulerSuspended
                0x0000000020000620        0x4 ./Middlewares/Third_Party/FreeRTOS/Source/tasks.o
 .bss.ucMaxSysCallPriority
                0x0000000020000624        0x1 ./Middlewares/Third_Party/FreeRTOS/Source/portable/GCC/ARM_CM3/port.o
 *fill*         0x0000000020000625        0x3 
 .bss.ulMaxPRIGROUPValue
                0x0000000020000628        0x4 ./Middlewares/Third_Party/FreeRTOS/Source/portable/GCC/ARM_CM3/port.o
 .bss.ucHeap    0x000000002000062c      0xc00 ./Middlewares/Third_Party/FreeRTOS/Source/portable/MemMang/heap_4.o
 .bss.xStart    0x000000002000122c        0x8 ./Middlewares/Third_Party/FreeRTOS/Source/portable/MemMang/heap_4.o
 .bss.pxEnd     0x0000000020001234        0x4 ./Middlewares/Third_Party/FreeRTOS/Source/portable/MemMang/heap_4.o
 .bss.xFreeBytesRemaining
                0x0000000020001238        0x4 ./Middlewares/Third_Party/FreeRTOS/Source/portable/MemMang/heap_4.o
 .bss.xMinimumEverFreeBytesRemaining
                0x000000002000123c        0x4 ./Middlewares/Third_Party/FreeRTOS/Source/portable/MemMang/heap_4.o
 .bss.xBlockAllocatedBit
                0x0000000020001240        0x4 ./Middlewares/Third_Party/FreeRTOS/Source/portable/MemMang/heap_4.o
 .bss.__malloc_free_list
                0x0000000020001244        0x4 /Applications/STM32CubeIDE.app/Contents/Eclipse/plugins/com.st.stm32cube.ide.mcu.externaltools.gnu-tools-for-stm32.9-2020-q2-update.macos64_2.0.0.202105311346/tools/bin/../lib/gcc/arm-none-eabi/9.3.1/../../../../arm-none-eabi/lib/thumb/v7-m/nofp/libc_nano.a(lib_a-nano-mallocr.o)
                0x0000000020001244                __malloc_free_list
 .bss.__malloc_sbrk_start
                0x0000000020001248        0x4 /Applications/STM32CubeIDE.app/Contents/Eclipse/plugins/com.st.stm32cube.ide.mcu.externaltools.gnu-tools-for-stm32.9-2020-q2-update.macos64_2.0.0.202105311346/tools/bin/../lib/gcc/arm-none-eabi/9.3.1/../../../../arm-none-eabi/lib/thumb/v7-m/nofp/libc_nano.a(lib_a-nano-mallocr.o)
                0x0000000020001248                __malloc_sbrk_start
 *(COMMON)
 COMMON         0x000000002000124c       0x60 ./Core/Src/adc.o
                0x000000002000124c                hadc2
                0x000000002000127c                hadc1
 COMMON         0x00000000200012ac      0xfb4 ./Core/Src/freertos.o
                0x00000000200012ac                snake
                0x000000002000224c                head_index
                0x000000002000224d                tail_index
                0x000000002000224e                time_m
                0x0000000020002250                updateTaskHandle
                0x0000000020002254                gameTaskHandle
                0x0000000020002258                time_s
                0x000000002000225c                musicTaskHandle
 COMMON         0x0000000020002260       0x48 ./Core/Src/fsmc.o
                0x0000000020002260                hsram1
 COMMON         0x00000000200022a8       0x12 ./Core/Src/lcd.o
                0x00000000200022a8                lcddev
                0x00000000200022b8                DeviceCode
 *fill*         0x00000000200022ba        0x2 
 COMMON         0x00000000200022bc       0x48 ./Core/Src/stm32f1xx_hal_timebase_tim.o
                0x00000000200022bc                htim8
 COMMON         0x0000000020002304       0x48 ./Core/Src/tim.o
                0x0000000020002304                htim3
 COMMON         0x000000002000234c       0x44 ./Core/Src/usart.o
                0x000000002000234c                huart1
 COMMON         0x0000000020002390        0x4 ./Drivers/STM32F1xx_HAL_Driver/Src/stm32f1xx_hal.o
                0x0000000020002390                uwTick
 COMMON         0x0000000020002394        0x9 /Applications/STM32CubeIDE.app/Contents/Eclipse/plugins/com.st.stm32cube.ide.mcu.externaltools.gnu-tools-for-stm32.9-2020-q2-update.macos64_2.0.0.202105311346/tools/bin/../lib/gcc/arm-none-eabi/9.3.1/../../../../arm-none-eabi/lib/thumb/v7-m/nofp/libc_nano.a(lib_a-lock.o)
                0x0000000020002394                __lock___atexit_recursive_mutex
                0x0000000020002395                __lock___arc4random_mutex
                0x0000000020002396                __lock___env_recursive_mutex
                0x0000000020002397                __lock___sinit_recursive_mutex
                0x0000000020002398                __lock___malloc_recursive_mutex
                0x0000000020002399                __lock___at_quick_exit_mutex
                0x000000002000239a                __lock___dd_hash_mutex
                0x000000002000239b                __lock___tz_mutex
                0x000000002000239c                __lock___sfp_recursive_mutex
 *fill*         0x000000002000239d        0x3 
 COMMON         0x00000000200023a0        0x4 /Applications/STM32CubeIDE.app/Contents/Eclipse/plugins/com.st.stm32cube.ide.mcu.externaltools.gnu-tools-for-stm32.9-2020-q2-update.macos64_2.0.0.202105311346/tools/bin/../lib/gcc/arm-none-eabi/9.3.1/../../../../arm-none-eabi/lib/thumb/v7-m/nofp/libc_nano.a(lib_a-reent.o)
                0x00000000200023a0                errno
                0x00000000200023a4                . = ALIGN (0x4)
                0x00000000200023a4                _ebss = .
                0x00000000200023a4                __bss_end__ = _ebss

._user_heap_stack
                0x00000000200023a4      0x604 load address 0x000000000800a440
                0x00000000200023a8                . = ALIGN (0x8)
 *fill*         0x00000000200023a4        0x4 
                [!provide]                        PROVIDE (end = .)
                0x00000000200023a8                PROVIDE (_end = .)
                0x00000000200025a8                . = (. + _Min_Heap_Size)
 *fill*         0x00000000200023a8      0x200 
                0x00000000200029a8                . = (. + _Min_Stack_Size)
 *fill*         0x00000000200025a8      0x400 
                0x00000000200029a8                . = ALIGN (0x8)

/DISCARD/
 libc.a(*)
 libm.a(*)
 libgcc.a(*)

.ARM.attributes
                0x0000000000000000       0x29
 *(.ARM.attributes)
 .ARM.attributes