lcd.c:69:6:delay_us	24	static
lcd.c:78:5:LCD_read	16	static
lcd.c:96:6:LCD_WR_REG	16	static
lcd.c:112:6:LCD_WR_DATA	16	static
lcd.c:128:5:LCD_RD_DATA	8	static
lcd.c:141:6:LCD_WriteReg	16	static
lcd.c:159:6:LCD_ReadReg	24	static
lcd.c:176:6:LCD_WriteRAM_Prepare	8	static
lcd.c:188:6:LCD_ReadRAM_Prepare	8	static
lcd.c:200:6:Lcd_WriteData_16Bit	16	static
lcd.c:210:5:Color_To_565	16	static
lcd.c:222:5:Lcd_ReadData_16Bit	16	static
lcd.c:255:6:LCD_DrawPoint	16	static
lcd.c:269:5:LCD_ReadPoint	24	static
lcd.c:289:6:LCD_Clear	24	static
lcd.c:313:6:LCD_Init	8	static
lcd.c:436:6:LCD_SetWindows	24	static
lcd.c:461:6:LCD_SetCursor	16	static
lcd.c:476:6:LCD_direction	16	static
lcd.c:514:5:LCD_Read_ID	16	static
